Component: ARM Compiler 5.06 update 6 (build 750) Tool: armlink [4d35ed]

==============================================================================

Section Cross References

    main.o(i.__sti___8_main_cpp_main) refers to ios.o(i._ZNSt8ios_base4InitC1Ev) for std::ios_base::Init::Init()
    main.o(i.__sti___8_main_cpp_main) refers to aeabi_atexit.o(.text) for __aeabi_atexit
    main.o(i.__sti___8_main_cpp_main) refers to main.o(.data) for __rw::__rw_stream_initializer
    main.o(i.__sti___8_main_cpp_main) refers to ios.o(i._ZNSt8ios_base4InitD1Ev) for std::ios_base::Init::~Init()
    main.o(i.main) refers to _scanf_int.o(.text) for _scanf_int
    main.o(i.main) refers to _printf_percent.o(.ARM.Collect$$_printf_percent$$00000000) for _printf_percent
    main.o(i.main) refers to _printf_d.o(.ARM.Collect$$_printf_percent$$00000009) for _printf_d
    main.o(i.main) refers to _printf_dec.o(.text) for _printf_int_dec
    main.o(i.main) refers to __2printf.o(.text) for __2printf
    main.o(i.main) refers to __0scanf.o(.text) for __0scanf
    main.o(i.main) refers to array_new.o(i._Znaj) for operator new[] (unsigned)
    main.o(.ARM.exidx) refers to main.o(i.main) for i.main
    main.o(.ARM.exidx) refers to main.o(i.__sti___8_main_cpp_main) for i.__sti___8_main_cpp_main
    main.o(.init_array) refers to main.o(i.__sti___8_main_cpp_main) for __sti___8_main_cpp_main
    main.o(.init_array) refers to init_aeabi.o(.text) for __cpp_initialize__aeabi_
    startup_mdr32f9qx.o(STACK) refers (Special) to heapauxi.o(.text) for __use_two_region_memory
    startup_mdr32f9qx.o(HEAP) refers (Special) to heapauxi.o(.text) for __use_two_region_memory
    startup_mdr32f9qx.o(RESET) refers (Special) to heapauxi.o(.text) for __use_two_region_memory
    startup_mdr32f9qx.o(RESET) refers to startup_mdr32f9qx.o(STACK) for __initial_sp
    startup_mdr32f9qx.o(RESET) refers to startup_mdr32f9qx.o(.text) for Reset_Handler
    startup_mdr32f9qx.o(.text) refers (Special) to heapauxi.o(.text) for __use_two_region_memory
    startup_mdr32f9qx.o(.text) refers to system_mdr32f9qx.o(i.SystemInit) for SystemInit
    startup_mdr32f9qx.o(.text) refers to __main.o(!!!main) for __main
    startup_mdr32f9qx.o(.text) refers to startup_mdr32f9qx.o(HEAP) for Heap_Mem
    startup_mdr32f9qx.o(.text) refers to startup_mdr32f9qx.o(STACK) for Stack_Mem
    system_mdr32f9qx.o(i.SystemCoreClockUpdate) refers to system_mdr32f9qx.o(.data) for SystemCoreClock
    system_mdr32f9qx.o(i.SystemInit) refers to system_mdr32f9qx.o(i.SystemCoreClockUpdate) for SystemCoreClockUpdate
    __2printf.o(.text) refers to _printf_char_file.o(.text) for _printf_char_file
    __2printf.o(.text) refers to stdio_streams.o(.bss) for __stdout
    noretval__2printf.o(.text) refers to _printf_char_file.o(.text) for _printf_char_file
    noretval__2printf.o(.text) refers to stdio_streams.o(.bss) for __stdout
    __printf.o(.text) refers to _printf_percent.o(.ARM.Collect$$_printf_percent$$00000000) for _printf_percent
    _printf_dec.o(.text) refers (Weak) to _printf_truncate.o(.text) for _printf_truncate_signed
    _printf_dec.o(.text) refers (Weak) to _printf_truncate.o(.text) for _printf_truncate_unsigned
    _printf_dec.o(.text) refers to _printf_intcommon.o(.text) for _printf_int_common
    __printf_flags.o(.text) refers to _printf_percent.o(.ARM.Collect$$_printf_percent$$00000000) for _printf_percent
    __printf_flags.o(.text) refers to __printf_flags.o(.constdata) for .constdata
    __printf_ss.o(.text) refers to _printf_percent.o(.ARM.Collect$$_printf_percent$$00000000) for _printf_percent
    __printf_flags_ss.o(.text) refers to _printf_percent.o(.ARM.Collect$$_printf_percent$$00000000) for _printf_percent
    __printf_flags_ss.o(.text) refers to __printf_flags_ss.o(.constdata) for .constdata
    __printf_wp.o(.text) refers to __printf_wp.o(i._is_digit) for _is_digit
    __printf_wp.o(.text) refers to _printf_percent.o(.ARM.Collect$$_printf_percent$$00000000) for _printf_percent
    __printf_flags_wp.o(.text) refers to __printf_wp.o(i._is_digit) for _is_digit
    __printf_flags_wp.o(.text) refers to _printf_percent.o(.ARM.Collect$$_printf_percent$$00000000) for _printf_percent
    __printf_flags_wp.o(.text) refers to __printf_flags_wp.o(.constdata) for .constdata
    __printf_ss_wp.o(.text) refers to __printf_wp.o(i._is_digit) for _is_digit
    __printf_ss_wp.o(.text) refers to _printf_percent.o(.ARM.Collect$$_printf_percent$$00000000) for _printf_percent
    __printf_flags_ss_wp.o(.text) refers to __printf_wp.o(i._is_digit) for _is_digit
    __printf_flags_ss_wp.o(.text) refers to _printf_percent.o(.ARM.Collect$$_printf_percent$$00000000) for _printf_percent
    __printf_flags_ss_wp.o(.text) refers to __printf_flags_ss_wp.o(.constdata) for .constdata
    _printf_d.o(.ARM.Collect$$_printf_percent$$00000009) refers (Weak) to _printf_dec.o(.text) for _printf_int_dec
[...]
    __fpl_dnaninf                            0x08007289   Thumb Code   156  dnaninf.o(x$fpl$dnaninf)
    __aeabi_cdrcmple                         0x08007325   Thumb Code     0  drleqf.o(x$fpl$drleqf)
    _drcmple                                 0x08007325   Thumb Code   108  drleqf.o(x$fpl$drleqf)
    __fpl_fretinf                            0x08007391   Thumb Code    10  fretinf.o(x$fpl$fretinf)
    __ieee_status                            0x0800739b   Thumb Code     6  istatus.o(x$fpl$ieeestatus)
    _printf_fp_dec                           0x080073a1   Thumb Code     4  printf1.o(x$fpl$printf1)
    _printf_fp_hex                           0x080073a5   Thumb Code     4  printf2.o(x$fpl$printf2)
    __fpl_return_NaN                         0x080073a9   Thumb Code   100  retnan.o(x$fpl$retnan)
    __ARM_scalbn                             0x0800740d   Thumb Code    92  scalbn.o(x$fpl$scalbn)
    _scanf_real                              0x08007469   Thumb Code     4  scanf1.o(x$fpl$scanf1)
    _scanf_hex_real                          0x0800746d   Thumb Code     4  scanf2.o(x$fpl$scanf2)
    _scanf_infnan                            0x08007471   Thumb Code     4  scanf2.o(x$fpl$scanf2)
    __fpl_cmpreturn                          0x08007475   Thumb Code    48  trapv.o(x$fpl$trapveneer)
    __I$use$fp                               0x080074a4   Number         0  usenofp.o(x$fpl$usenofp)
    std::ctype<char>::_C_classic_table       0x08007514   Data         512  char.o(.constdata)
    __stdin_name                             0x08007714   Data           4  sys_io.o(.constdata)
    __stdout_name                            0x08007718   Data           4  sys_io.o(.constdata)
    __stderr_name                            0x0800771c   Data           4  sys_io.o(.constdata)
    vtable for std::locale::facet            0x0800780c   Data          20  ios.o(.constdata__ZTVNSt6locale5facetE)
    VTT for std::basic_istream<char, std::char_traits<char>> 0x08007820   Data           8  ios.o(.constdata__ZTVSi)
    vtable for std::basic_istream<char, std::char_traits<char>> 0x08007828   Data          40  ios.o(.constdata__ZTVSi)
    VTT for std::basic_ostream<char, std::char_traits<char>> 0x08007850   Data           8  ios.o(.constdata__ZTVSo)
    vtable for std::basic_ostream<char, std::char_traits<char>> 0x08007858   Data          40  ios.o(.constdata__ZTVSo)
    vtable for std::ctype_byname<char>       0x08007880   Data          52  char.o(.constdata__ZTVSt12ctype_bynameIcE)
    vtable for std::basic_filebuf<char, std::char_traits<char>> 0x080078b4   Data          64  ios.o(.constdata__ZTVSt13basic_filebufIcSt11char_traitsIcEE)
    vtable for std::basic_filebuf<wchar_t, std::char_traits<wchar_t>> 0x080078f4   Data          64  ios.o(.constdata__ZTVSt13basic_filebufIwSt11char_traitsIwEE)
    VTT for std::basic_istream<wchar_t, std::char_traits<wchar_t>> 0x08007934   Data           8  ios.o(.constdata__ZTVSt13basic_istreamIwSt11char_traitsIwEE)
    vtable for std::basic_istream<wchar_t, std::char_traits<wchar_t>> 0x0800793c   Data          40  ios.o(.constdata__ZTVSt13basic_istreamIwSt11char_traitsIwEE)
    VTT for std::basic_ostream<wchar_t, std::char_traits<wchar_t>> 0x08007964   Data           8  ios.o(.constdata__ZTVSt13basic_ostreamIwSt11char_traitsIwEE)
    vtable for std::basic_ostream<wchar_t, std::char_traits<wchar_t>> 0x0800796c   Data          40  ios.o(.constdata__ZTVSt13basic_ostreamIwSt11char_traitsIwEE)
    vtable for std::__rw_exception           0x08007994   Data          20  rwstdexcept.o(.constdata__ZTVSt14__rw_exception)
    vtable for std::basic_streambuf<char, std::char_traits<char>> 0x080079a8   Data          64  ios.o(.constdata__ZTVSt15basic_streambufIcSt11char_traitsIcEE)
    vtable for std::basic_streambuf<wchar_t, std::char_traits<wchar_t>> 0x080079e8   Data          64  ios.o(.constdata__ZTVSt15basic_streambufIwSt11char_traitsIwEE)
    vtable for std::ctype<char>              0x08007a28   Data          52  char.o(.constdata__ZTVSt5ctypeIcE)
    vtable for std::ctype<wchar_t>           0x08007a5c   Data          68  ios.o(.constdata__ZTVSt5ctypeIwE)
    vtable for std::codecvt<char, char, std::__mbstate_t> 0x08007aa0   Data          48  ios.o(.constdata__ZTVSt7codecvtIccSt11__mbstate_tE)
    vtable for std::codecvt<wchar_t, char, std::__mbstate_t> 0x08007ad0   Data          48  ios.o(.constdata__ZTVSt7codecvtIwcSt11__mbstate_tE)
    vtable for std::ios_base                 0x08007b00   Data          16  ios.o(.constdata__ZTVSt8ios_base)
    vtable for std::messages<char>           0x08007b10   Data          32  rwstdexcept.o(.constdata__ZTVSt8messagesIcE)
    vtable for std::basic_ios<char, std::char_traits<char>> 0x08007b30   Data          16  ios.o(.constdata__ZTVSt9basic_iosIcSt11char_traitsIcEE)
    vtable for std::basic_ios<wchar_t, std::char_traits<wchar_t>> 0x08007b40   Data          16  ios.o(.constdata__ZTVSt9basic_iosIwSt11char_traitsIwEE)
    vtable for std::exception                0x08007b50   Data          20  exception_dtor.o(.constdata__ZTVSt9exception)
    T1* __rw::__rw_create_native_facet<std::ctype<wchar_t>>(T1*)::string 0x08007b64   Data           1  ios.o(.constdata__ZZN4__rw24__rw_create_native_facetISt5ctypeIwEEEPT_S4_Es)
    T1* __rw::__rw_create_native_facet<std::codecvt<char, char, std::__mbstate_t>>(T1*)::string 0x08007b65   Data           1  ios.o(.constdata__ZZN4__rw24__rw_create_native_facetISt7codecvtIccSt11__mbstate_tEEEPT_S5_Es)
    T1* __rw::__rw_create_native_facet<std::codecvt<wchar_t, char, std::__mbstate_t>>(T1*)::string 0x08007b66   Data           1  ios.o(.constdata__ZZN4__rw24__rw_create_native_facetISt7codecvtIwcSt11__mbstate_tEEEPT_S5_Es)
    __rw::__rw_locale_imp::_C_category_name(int) const::string 0x08007b67   Data           1  locale.o(.constdata__ZZNK4__rw15__rw_locale_imp16_C_category_nameEiEs)
    std::basic_string<char, std::char_traits<char>, std::allocator<char>>::replace(unsigned, unsigned, const char*, unsigned, unsigned, unsigned)::string 0x08007b68   Data           1  main.o(.constdata__ZZNSs7replaceEjjPKcjjjEs)
    std::basic_string<char, std::char_traits<char>, std::allocator<char>>::_C_getRep(unsigned, unsigned)::string 0x08007b69   Data           1  main.o(.constdata__ZZNSs9_C_getRepEjjEs)
    std::messages<char>::messages(unsigned)::string 0x08007b6a   Data           2  rwstdexcept.o(.constdata__ZZNSt8messagesIcEC1EjEs)
    Region$$Table$$Base                      0x08007de0   Number         0  anon$$obj.o(Region$$Table)
    Region$$Table$$Limit                     0x08007e00   Number         0  anon$$obj.o(Region$$Table)
    __aeabi_HUGE_VAL                         0x08007e00   Data           0  fpconst.o(c$$dinf)
    __aeabi_HUGE_VALL                        0x08007e00   Data           0  fpconst.o(c$$dinf)
    __aeabi_INFINITY                         0x08007e00   Data           0  fpconst.o(c$$dinf)
    __dInf                                   0x08007e00   Data           0  fpconst.o(c$$dinf)
    __huge_val                               0x08007e00   Data           0  fpconst.o(c$$dinf)
    __dbl_max                                0x08007e08   Data           0  fpconst.o(c$$dmax)
    __ctype                                  0x08007e1d   Data           0  lc_ctype_c.o(locale$$data)
    __lcnull_start                           0x08007f2c   Data           4  null_locale.o(locale$$data)
    SHT$$INIT_ARRAY$$Base                    0x08007f4c   Number         0  main.o(.init_array)
    SHT$$INIT_ARRAY$$Limit                   0x08007f5c   Number         0  rwcats.o(.init_array)
    SystemCoreClock                          0x20000004   Data           4  system_mdr32f9qx.o(.data)
    std::ios_base::Init::_C_initcnt          0x20000008   Data           4  ios.o(.data)
    __aeabi_stdin                            0x2000002c   Data           4  stdio_streams.o(.data)
    __aeabi_stdout                           0x20000030   Data           4  stdio_streams.o(.data)
    __aeabi_stderr                           0x20000034   Data           4  stdio_streams.o(.data)
    std::ctype<char>::id                     0x20000038   Data           4  char.o(.data)
    std::ctype<wchar_t>::id                  0x2000003c   Data           4  char.o(.data)
    std::locale::_C_classic                  0x20000048   Data           4  locale.o(.data)
    std::locale::_C_native                   0x2000004c   Data           4  locale.o(.data)
    std::locale::_C_global                   0x20000050   Data           4  locale.o(.data)
    std::codecvt<char, char, std::__mbstate_t>::id 0x20000054   Data           4  locale.o(.data)
    std::codecvt<wchar_t, char, std::__mbstate_t>::id 0x20000058   Data           4  locale.o(.data)
    __rw_throw_proc                          0x2000005c   Data           4  rwthrowproc_noex.o(.data)
    std::locale::id::_C_init() const::_C_id_gen 0x20000068   Data           4  locale.o(.data__ZZNKSt6locale2id7_C_initEvE9_C_id_gen)
    guard variable for std::__rw_get_cats()::__open_cats 0x2000006c   Data           4  messages.o(.data__ZZSt13__rw_get_catsvE11__open_cats)
    std::__rw_get_cats()::__open_cats        0x20000070   Data           8  messages.o(.data__ZZSt13__rw_get_catsvE11__open_cats)
    std::__rw_cin_databuf                    0x20000078   Data         512  ios.o(.bss)
    std::__rw_cin_buffer                     0x20000278   Data          88  ios.o(.bss)
    std::__rw_indestructible_cin             0x200002d0   Data          80  ios.o(.bss)
    std::__rw_cout_databuf                   0x20000320   Data         512  ios.o(.bss)
    std::__rw_cout_buffer                    0x20000520   Data          88  ios.o(.bss)
    std::__rw_indestructible_cout            0x20000578   Data          72  ios.o(.bss)
    std::__rw_cerr_databuf                   0x200005c0   Data         512  ios.o(.bss)
    std::__rw_cerr_buffer                    0x200007c0   Data          88  ios.o(.bss)
    std::__rw_indestructible_cerr            0x20000818   Data          72  ios.o(.bss)
    std::__rw_clog_databuf                   0x20000860   Data         512  ios.o(.bss)
    std::__rw_clog_buffer                    0x20000a60   Data          88  ios.o(.bss)
    std::__rw_indestructible_clog            0x20000ab8   Data          72  ios.o(.bss)
    std::__rw_wcin_databuf                   0x20000b00   Data        1024  ios.o(.bss)
    std::__rw_wcin_buffer                    0x20000f00   Data          88  ios.o(.bss)
    std::__rw_indestructible_wcin            0x20000f58   Data          80  ios.o(.bss)
    std::__rw_wcout_databuf                  0x20000fa8   Data        1024  ios.o(.bss)
    std::__rw_wcout_buffer                   0x200013a8   Data          88  ios.o(.bss)
    std::__rw_indestructible_wcout           0x20001400   Data          72  ios.o(.bss)
    std::__rw_wcerr_databuf                  0x20001448   Data        1024  ios.o(.bss)
    std::__rw_wcerr_buffer                   0x20001848   Data          88  ios.o(.bss)
    std::__rw_indestructible_wcerr           0x200018a0   Data          72  ios.o(.bss)
    std::__rw_wclog_databuf                  0x200018e8   Data        1024  ios.o(.bss)
    std::__rw_wclog_buffer                   0x20001ce8   Data          88  ios.o(.bss)
    std::__rw_indestructible_wclog           0x20001d40   Data          72  ios.o(.bss)
    std::__rw_std_streams                    0x20001d88   Data          32  ios.o(.bss)
    __stdin                                  0x20001dc0   Data          84  stdio_streams.o(.bss)
    __stdout                                 0x20001e14   Data          84  stdio_streams.o(.bss)
    __stderr                                 0x20001e68   Data          84  stdio_streams.o(.bss)
    __libspace_start                         0x20001ebc   Data          96  libspace.o(.bss)
    __temporary_stack_top$libspace           0x20001f1c   Data           0  libspace.o(.bss)
    std::basic_string<char, std::char_traits<char>, std::allocator<char>>::__nullref 0x20001f48   Data          16  vendor.o(.bss__ZNSs9__nullrefE)



==============================================================================

Memory Map of the image

  Image Entry point : 0x08000221

  Load Region LR_1 (Base: 0x08000000, Size: 0x00007fd4, Max: 0xffffffff, ABSOLUTE)

    Execution Region ER_RO (Exec base: 0x08000000, Load base: 0x08000000, Size: 0x00007f5c, Max: 0xffffffff, ABSOLUTE)

    Exec Addr    Load Addr    Size         Type   Attr      Idx    E Section Name        Object

    0x08000000   0x08000000   0x000000c0   Data   RO          583    RESET               startup_mdr32f9qx.o
    0x080000c0   0x080000c0   0x00000008   Code   RO          689  * !!!main             c_w.l(__main.o)
    0x080000c8   0x080000c8   0x00000034   Code   RO         3221    !!!scatter          c_w.l(__scatter.o)
    0x080000fc   0x080000fc   0x0000001a   Code   RO         3223    !!handler_copy      c_w.l(__scatter_copy.o)
    0x08000116   0x08000116   0x00000002   PAD
    0x08000118   0x08000118   0x0000001c   Code   RO         3225    !!handler_zi        c_w.l(__scatter_zi.o)
    0x08000134   0x08000134   0x00000000   Code   RO          672    .ARM.Collect$$_printf_percent$$00000000  c_w.l(_printf_percent.o)
    0x08000134   0x08000134   0x00000006   Code   RO         2629    .ARM.Collect$$_printf_percent$$00000001  c_w.l(_printf_n.o)
    0x0800013a   0x0800013a   0x00000006   Code   RO         2631    .ARM.Collect$$_printf_percent$$00000002  c_w.l(_printf_p.o)
    0x08000140   0x08000140   0x00000006   Code   RO         2635    .ARM.Collect$$_printf_percent$$00000003  c_w.l(_printf_f.o)
    0x08000146   0x08000146   0x00000006   Code   RO         2636    .ARM.Collect$$_printf_percent$$00000004  c_w.l(_printf_e.o)
    0x0800014c   0x0800014c   0x00000006   Code   RO         2637    .ARM.Collect$$_printf_percent$$00000005  c_w.l(_printf_g.o)
    0x08000152   0x08000152   0x00000006   Code   RO         2638    .ARM.Collect$$_printf_percent$$00000006  c_w.l(_printf_a.o)
    0x08000158   0x08000158   0x0000000a   Code   RO         2642    .ARM.Collect$$_printf_percent$$00000007  c_w.l(_printf_ll.o)
    0x08000162   0x08000162   0x00000006   Code   RO         2633    .ARM.Collect$$_printf_percent$$00000008  c_w.l(_printf_i.o)
    0x08000168   0x08000168   0x00000006   Code   RO          671    .ARM.Collect$$_printf_percent$$00000009  c_w.l(_printf_d.o)
    0x0800016e   0x0800016e   0x00000006   Code   RO         2634    .ARM.Collect$$_printf_percent$$0000000A  c_w.l(_printf_u.o)
    0x08000174   0x08000174   0x00000006   Code   RO         2632    .ARM.Collect$$_printf_percent$$0000000B  c_w.l(_printf_o.o)
    0x0800017a   0x0800017a   0x00000006   Code   RO         2630    .ARM.Collect$$_printf_percent$$0000000C  c_w.l(_printf_x.o)
    0x08000180   0x08000180   0x00000006   Code   RO         2639    .ARM.Collect$$_printf_percent$$0000000D  c_w.l(_printf_lli.o)
    0x08000186   0x08000186   0x00000006   Code   RO         2640    .ARM.Collect$$_printf_percent$$0000000E  c_w.l(_printf_lld.o)
    0x0800018c   0x0800018c   0x00000006   Code   RO         2641    .ARM.Collect$$_printf_percent$$0000000F  c_w.l(_printf_llu.o)
    0x08000192   0x08000192   0x00000006   Code   RO         2646    .ARM.Collect$$_printf_percent$$00000010  c_w.l(_printf_llo.o)
    0x08000198   0x08000198   0x00000006   Code   RO         2647    .ARM.Collect$$_printf_percent$$00000011  c_w.l(_printf_llx.o)
    0x0800019e   0x0800019e   0x0000000a   Code   RO         2643    .ARM.Collect$$_printf_percent$$00000012  c_w.l(_printf_l.o)
    0x080001a8   0x080001a8   0x00000006   Code   RO         2627    .ARM.Collect$$_printf_percent$$00000013  c_w.l(_printf_c.o)
    0x080001ae   0x080001ae   0x00000006   Code   RO         2628    .ARM.Collect$$_printf_percent$$00000014  c_w.l(_printf_s.o)
    0x080001b4   0x080001b4   0x00000006   Code   RO         2644    .ARM.Collect$$_printf_percent$$00000015  c_w.l(_printf_lc.o)
    0x080001ba   0x080001ba   0x00000006   Code   RO         2645    .ARM.Collect$$_printf_percent$$00000016  c_w.l(_printf_ls.o)
    0x080001c0   0x080001c0   0x00000004   Code   RO         1977    .ARM.Collect$$_printf_percent$$00000017  c_w.l(_printf_percent_end.o)
    0x080001c4   0x080001c4   0x00000002   Code   RO         2979    .ARM.Collect$$libinit$$00000000  c_w.l(libinit.o)
    0x080001c6   0x080001c6   0x00000000   Code   RO         2038    .ARM.Collect$$libinit$$00000002  c_w.l(libinit2.o)
    0x080001c6   0x080001c6   0x00000000   Code   RO         2040    .ARM.Collect$$libinit$$00000004  c_w.l(libinit2.o)
    0x080001c6   0x080001c6   0x00000008   Code   RO         2041    .ARM.Collect$$libinit$$00000005  c_w.l(libinit2.o)
    0x080001ce   0x080001ce   0x00000000   Code   RO         2043    .ARM.Collect$$libinit$$0000000A  c_w.l(libinit2.o)
    0x080001ce   0x080001ce   0x00000000   Code   RO         2045    .ARM.Collect$$libinit$$0000000C  c_w.l(libinit2.o)
    0x080001ce   0x080001ce   0x00000000   Code   RO         2047    .ARM.Collect$$libinit$$0000000E  c_w.l(libinit2.o)
    0x080001ce   0x080001ce   0x00000006   Code   RO         2048    .ARM.Collect$$libinit$$0000000F  c_w.l(libinit2.o)
    0x080001d4   0x080001d4   0x00000000   Code   RO         2050    .ARM.Collect$$libinit$$00000011  c_w.l(libinit2.o)
    0x080001d4   0x080001d4   0x0000000c   Code   RO         2051    .ARM.Collect$$libinit$$00000012  c_w.l(libinit2.o)
    0x080001e0   0x080001e0   0x00000000   Code   RO         2052    .ARM.Collect$$libinit$$00000013  c_w.l(libinit2.o)
    0x080001e0   0x080001e0   0x00000000   Code   RO         2054    .ARM.Collect$$libinit$$00000015  c_w.l(libinit2.o)
    0x080001e0   0x080001e0   0x0000000a   Code   RO         2055    .ARM.Collect$$libinit$$00000016  c_w.l(libinit2.o)
    0x080001ea   0x080001ea   0x00000000   Code   RO         2056    .ARM.Collect$$libinit$$00000017  c_w.l(libinit2.o)
    0x080001ea   0x080001ea   0x00000000   Code   RO         2058    .ARM.Collect$$libinit$$00000019  c_w.l(libinit2.o)
    0x080001ea   0x080001ea   0x00000000   Code   RO         2060    .ARM.Collect$$libinit$$0000001B  c_w.l(libinit2.o)
    0x080001ea   0x080001ea   0x00000000   Code   RO         2062    .ARM.Collect$$libinit$$0000001D  c_w.l(libinit2.o)
    0x080001ea   0x080001ea   0x00000000   Code   RO         2064    .ARM.Collect$$libinit$$0000001F  c_w.l(libinit2.o)
    0x080001ea   0x080001ea   0x00000000   Code   RO         2066    .ARM.Collect$$libinit$$00000021  c_w.l(libinit2.o)
    0x080001ea   0x080001ea   0x00000000   Code   RO         2068    .ARM.Collect$$libinit$$00000023  c_w.l(libinit2.o)
    0x080001ea   0x080001ea   0x00000004   Code   RO         2069    .ARM.Collect$$libinit$$00000024  c_w.l(libinit2.o)
    0x080001ee   0x080001ee   0x00000000   Code   RO         2070    .ARM.Collect$$libinit$$00000025  c_w.l(libinit2.o)
    0x080001ee   0x080001ee   0x00000000   Code   RO         2074    .ARM.Collect$$libinit$$0000002C  c_w.l(libinit2.o)
    0x080001ee   0x080001ee   0x00000000   Code   RO         2076    .ARM.Collect$$libinit$$0000002E  c_w.l(libinit2.o)
    0x080001ee   0x080001ee   0x00000000   Code   RO         2078    .ARM.Collect$$libinit$$00000030  c_w.l(libinit2.o)
    0x080001ee   0x080001ee   0x00000004   Code   RO         2079    .ARM.Collect$$libinit$$00000031  c_w.l(libinit2.o)
    0x080001f2   0x080001f2   0x00000000   Code   RO         2080    .ARM.Collect$$libinit$$00000032  c_w.l(libinit2.o)
    0x080001f2   0x080001f2   0x00000002   Code   RO         2081    .ARM.Collect$$libinit$$00000033  c_w.l(libinit2.o)
    0x080001f4   0x080001f4   0x00000002   Code   RO         3168    .ARM.Collect$$libshutdown$$00000000  c_w.l(libshutdown.o)
    0x080001f6   0x080001f6   0x00000006   Code   RO         2715    .ARM.Collect$$libshutdown$$00000001  c_w.l(libshutdown2.o)
    0x080001fc   0x080001fc   0x00000000   Code   RO         2716    .ARM.Collect$$libshutdown$$00000002  c_w.l(libshutdown2.o)
    0x080001fc   0x080001fc   0x00000004   Code   RO         2717    .ARM.Collect$$libshutdown$$00000003  c_w.l(libshutdown2.o)
    0x08000200   0x08000200   0x00000000   Code   RO         2718    .ARM.Collect$$libshutdown$$00000004  c_w.l(libshutdown2.o)
    0x08000200   0x08000200   0x00000000   Code   RO         2721    .ARM.Collect$$libshutdown$$00000007  c_w.l(libshutdown2.o)
    0x08000200   0x08000200   0x00000000   Code   RO         2724    .ARM.Collect$$libshutdown$$0000000A  c_w.l(libshutdown2.o)
    0x08000200   0x08000200   0x00000000   Code   RO         2726    .ARM.Collect$$libshutdown$$0000000C  c_w.l(libshutdown2.o)
    0x08000200   0x08000200   0x00000000   Code   RO         2729    .ARM.Collect$$libshutdown$$0000000F  c_w.l(libshutdown2.o)
    0x08000200   0x08000200   0x00000002   Code   RO         2730    .ARM.Collect$$libshutdown$$00000010  c_w.l(libshutdown2.o)
    0x08000202   0x08000202   0x00000000   Code   RO         1901    .ARM.Collect$$rtentry$$00000000  c_w.l(__rtentry.o)
    0x08000202   0x08000202   0x00000000   Code   RO         2530    .ARM.Collect$$rtentry$$00000002  c_w.l(__rtentry2.o)
    0x08000202   0x08000202   0x00000006   Code   RO         2542    .ARM.Collect$$rtentry$$00000004  c_w.l(__rtentry4.o)
    0x08000208   0x08000208   0x00000000   Code   RO         2532    .ARM.Collect$$rtentry$$00000009  c_w.l(__rtentry2.o)
    0x08000208   0x08000208   0x00000004   Code   RO         2533    .ARM.Collect$$rtentry$$0000000A  c_w.l(__rtentry2.o)
    0x0800020c   0x0800020c   0x00000000   Code   RO         2535    .ARM.Collect$$rtentry$$0000000C  c_w.l(__rtentry2.o)
    0x0800020c   0x0800020c   0x00000008   Code   RO         2536    .ARM.Collect$$rtentry$$0000000D  c_w.l(__rtentry2.o)
    0x08000214   0x08000214   0x00000002   Code   RO         3007    .ARM.Collect$$rtexit$$00000000  c_w.l(rtexit.o)
    0x08000216   0x08000216   0x00000000   Code   RO         3113    .ARM.Collect$$rtexit$$00000002  c_w.l(rtexit2.o)
    0x08000216   0x08000216   0x00000004   Code   RO         3114    .ARM.Collect$$rtexit$$00000003  c_w.l(rtexit2.o)
    0x0800021a   0x0800021a   0x00000006   Code   RO         3115    .ARM.Collect$$rtexit$$00000004  c_w.l(rtexit2.o)
    0x08000220   0x08000220   0x00000000   Code   RO         2890    .emb_text           c_w.l(maybetermalloc1.o)
    0x08000220   0x08000220   0x00000040   Code   RO          584  * .text               startup_mdr32f9qx.o
    0x08000260   0x08000260   0x00000018   Code   RO          643    .text               c_w.l(__2printf.o)
    0x08000278   0x08000278   0x00000078   Code   RO          649    .text               c_w.l(_printf_dec.o)
    0x080002f0   0x080002f0   0x00000188   Code   RO          668    .text               c_w.l(__printf_flags_ss_wp.o)
    0x08000478   0x08000478   0x00000020   Code   RO          673    .text               c_w.l(__0scanf.o)
    0x08000498   0x08000498   0x0000014c   Code   RO          675    .text               c_w.l(_scanf_int.o)
    0x080005e4   0x080005e4   0x0000002e   Code   RO          680    .text               c_w.l(aeabi_atexit.o)
    0x08000612   0x08000612   0x0000008a   Code   RO          683    .text               c_w.l(rt_memcpy_v6.o)
    0x0800069c   0x0800069c   0x00000084   Code   RO          685    .text               c_w.l(rt_memmove_v6.o)
    0x08000720   0x08000720   0x00000006   Code   RO          687    .text               c_w.l(heapauxi.o)
    0x08000726   0x08000726   0x00000002   PAD
    0x08000728   0x08000728   0x00000024   Code   RO          694    .text               c_w.l(init_aeabi.o)
    0x0800074c   0x0800074c   0x00000008   Code   RO         1905    .text               c_w.l(rt_ddtor_pointer_addr_intlibspace.o)
    0x08000754   0x08000754   0x0000005e   Code   RO         1911    .text               c_w.l(h1_alloc.o)
    0x080007b2   0x080007b2   0x0000004e   Code   RO         1913    .text               c_w.l(h1_free.o)
    0x08000800   0x08000800   0x00000014   Code   RO         1969    .text               c_w.l(fprintf.o)
    0x08000814   0x08000814   0x00000034   Code   RO         1971    .text               c_w.l(vsnprintf.o)
    0x08000848   0x08000848   0x000000b2   Code   RO         1973    .text               c_w.l(_printf_intcommon.o)
    0x080008fa   0x080008fa   0x00000002   PAD
    0x080008fc   0x080008fc   0x00000024   Code   RO         1975    .text               c_w.l(_printf_char_file.o)
    0x08000920   0x08000920   0x0000003c   Code   RO         1978    .text               c_w.l(sscanf.o)
    0x0800095c   0x0800095c   0x0000001c   Code   RO         1980    .text               c_w.l(_chval.o)
    0x08000978   0x08000978   0x00000018   Code   RO         1982    .text               c_w.l(scanf_char_file.o)
    0x08000990   0x08000990   0x00000008   Code   RO         1986    .text               c_w.l(ferror.o)
    0x08000998   0x08000998   0x000000f8   Code   RO         1988    .text               c_w.l(fseek.o)
    0x08000a90   0x08000a90   0x00000042   Code   RO         1990    .text               c_w.l(ftell.o)
    0x08000ad2   0x08000ad2   0x0000004c   Code   RO         2002    .text               c_w.l(fclose.o)
    0x08000b1e   0x08000b1e   0x00000016   Code   RO         2016    .text               c_w.l(abort.o)
    0x08000b34   0x08000b34   0x00000042   Code   RO         2018    .text               c_w.l(cxa_finalize.o)
    0x08000b76   0x08000b76   0x00000048   Code   RO         2021    .text               c_w.l(strcpy.o)
    0x08000bbe   0x08000bbe   0x00000016   Code   RO         2023    .text               c_w.l(strrchr.o)
    0x08000bd4   0x08000bd4   0x0000003e   Code   RO         2025    .text               c_w.l(strlen.o)
    0x08000c12   0x08000c12   0x00000006   Code   RO         2027    .text               c_w.l(wmemmove.o)
    0x08000c18   0x08000c18   0x00000018   Code   RO         2029    .text               c_w.l(strcat.o)
    0x08000c30   0x08000c30   0x00000064   Code   RO         2031    .text               c_w.l(rt_memcpy_w.o)
    0x08000c94   0x08000c94   0x0000007a   Code   RO         2033    .text               c_w.l(rt_memmove_w.o)
    0x08000d0e   0x08000d0e   0x0000004e   Code   RO         2035    .text               c_w.l(rt_memclr_w.o)
    0x08000d5c   0x08000d5c   0x00000002   Code   RO         2454    .text               cpprt_w.l(arm_rethrow_noexceptions.o)
    0x08000d5e   0x08000d5e   0x0000000e   Code   RO         2499    .text               cpprt_w.l(aeabi_vec_delete_noexceptions.o)
    0x08000d6c   0x08000d6c   0x00000066   Code   RO         2517    .text               c_w.l(sys_io.o)
    0x08000dd2   0x08000dd2   0x00000002   PAD
    0x08000dd4   0x08000dd4   0x0000000c   Code   RO         2522    .text               c_w.l(sys_exit.o)
    0x08000de0   0x08000de0   0x00000008   Code   RO         2524    .text               c_w.l(libspace.o)
    0x08000de8   0x08000de8   0x00000010   Code   RO         2544    .text               c_w.l(rt_ctype_table.o)
    0x08000df8   0x08000df8   0x00000008   Code   RO         2549    .text               c_w.l(rt_heap_descriptor_intlibspace.o)
    0x08000e00   0x08000e00   0x00000008   Code   RO         2554    .text               c_w.l(rt_new_handler_addr_intlibspace.o)
    0x08000e08   0x08000e08   0x00000008   Code   RO         2559    .text               c_w.l(rt_errno_addr_intlibspace.o)
    0x08000e10   0x08000e10   0x00000004   Code   RO         2561    .text               c_w.l(hguard.o)
    0x08000e14   0x08000e14   0x0000008a   Code   RO         2563    .text               c_w.l(init_alloc.o)
    0x08000e9e   0x08000e9e   0x0000000e   Code   RO         2567    .text               c_w.l(h1_init.o)
    0x08000eac   0x08000eac   0x0000004e   Code   RO         2581    .text               c_w.l(_printf_pad.o)
    0x08000efa   0x08000efa   0x00000024   Code   RO         2583    .text               c_w.l(_printf_truncate.o)
    0x08000f1e   0x08000f1e   0x00000052   Code   RO         2585    .text               c_w.l(_printf_str.o)
    0x08000f70   0x08000f70   0x00000028   Code   RO         2587    .text               c_w.l(_printf_charcount.o)
    0x08000f98   0x08000f98   0x00000030   Code   RO         2589    .text               c_w.l(_printf_char_common.o)
    0x08000fc8   0x08000fc8   0x0000000a   Code   RO         2591    .text               c_w.l(_sputc.o)
    0x08000fd2   0x08000fd2   0x00000010   Code   RO         2593    .text               c_w.l(_snputc.o)
    0x08000fe2   0x08000fe2   0x00000002   PAD
    0x08000fe4   0x08000fe4   0x000000bc   Code   RO         2595    .text               c_w.l(_printf_wctomb.o)
    0x080010a0   0x080010a0   0x0000007c   Code   RO         2598    .text               c_w.l(_printf_longlong_dec.o)
    0x0800111c   0x0800111c   0x00000070   Code   RO         2604    .text               c_w.l(_printf_oct_int_ll.o)
    0x0800118c   0x0800118c   0x00000094   Code   RO         2624    .text               c_w.l(_printf_hex_int_ll_ptr.o)
    0x08001220   0x08001220   0x00000156   Code   RO         2648    .text               c_w.l(_scanf_longlong.o)
    0x08001376   0x08001376   0x000000e0   Code   RO         2650    .text               c_w.l(_scanf_str.o)
    0x08001456   0x08001456   0x00000002   PAD
    0x08001458   0x08001458   0x0000002c   Code   RO         2652    .text               c_w.l(scanf_char.o)
    0x08001484   0x08001484   0x00000040   Code   RO         2654    .text               c_w.l(_sgetc.o)
    0x080014c4   0x080014c4   0x00000114   Code   RO         2656    .text               c_w.l(_scanf_mbtowc.o)
    0x080015d8   0x080015d8   0x000000e8   Code   RO         2658    .text               c_w.l(_scanf_wctomb.o)
    0x080016c0   0x080016c0   0x000000d0   Code   RO         2660    .text               c_w.l(_scanf_wstr.o)
    0x08001790   0x08001790   0x00000048   Code   RO         2662    .text               c_w.l(backspace.o)
    0x080017d8   0x080017d8   0x000000f0   Code   RO         2672    .text               c_w.l(stdio.o)
    0x080018c8   0x080018c8   0x00000138   Code   RO         2675    .text               c_w.l(initio.o)
    0x08001a00   0x08001a00   0x00000010   Code   RO         2685    .text               c_w.l(locale.o)
    0x08001a10   0x08001a10   0x0000000e   Code   RO         2697    .text               c_w.l(defsig_abrt_outer.o)
    0x08001a1e   0x08001a1e   0x00000008   Code   RO         2705    .text               c_w.l(memcpy.o)
    0x08001a26   0x08001a26   0x00000008   Code   RO         2707    .text               c_w.l(memmove.o)
    0x08001a2e   0x08001a2e   0x00000002   PAD
    0x08001a30   0x08001a30   0x00000080   Code   RO         2709    .text               c_w.l(strcmpv7m.o)
    0x08001ab0   0x08001ab0   0x00000004   Code   RO         2820    .text               cpprt_w.l(arm_newhandler_noexceptions.o)
    0x08001ab4   0x08001ab4   0x0000001a   Code   RO         2841    .text               cpprt_w.l(arm_exceptions_terminate.o)
    0x08001ace   0x08001ace   0x00000002   PAD
    0x08001ad0   0x08001ad0   0x00000050   Code   RO         2851    .text               cpprt_w.l(arm_exceptions_globs.o)
    0x08001b20   0x08001b20   0x00000002   Code   RO         2871    .text               c_w.l(use_no_semi.o)
    0x08001b22   0x08001b22   0x00000000   Code   RO         2873    .text               c_w.l(indicate_semi.o)
    0x08001b22   0x08001b22   0x0000004a   Code   RO         2874    .text               c_w.l(sys_stackheap_outer.o)
    0x08001b6c   0x08001b6c   0x00000008   Code   RO         2881    .text               c_w.l(rt_locale_intlibspace.o)
    0x08001b74   0x08001b74   0x00000008   Code   RO         2886    .text               c_w.l(rt_eh_globals_addr_intlibspace.o)
    0x08001b7c   0x08001b7c   0x00000034   Code   RO         2892    .text               c_w.l(h1_extend.o)
    0x08001bb0   0x08001bb0   0x0000008a   Code   RO         2896    .text               c_w.l(lludiv10.o)
    0x08001c3a   0x08001c3a   0x00000012   Code   RO         2898    .text               c_w.l(isspace.o)
    0x08001c4c   0x08001c4c   0x0000041e   Code   RO         2906    .text               c_w.l(_printf_fp_dec.o)
    0x0800206a   0x0800206a   0x00000002   PAD
    0x0800206c   0x0800206c   0x000002fc   Code   RO         2908    .text               c_w.l(_printf_fp_hex.o)
    0x08002368   0x08002368   0x0000002c   Code   RO         2913    .text               c_w.l(_printf_char.o)
    0x08002394   0x08002394   0x0000002c   Code   RO         2915    .text               c_w.l(_printf_wchar.o)
    0x080023c0   0x080023c0   0x00000374   Code   RO         2917    .text               c_w.l(_scanf.o)
    0x08002734   0x08002734   0x000004f8   Code   RO         2919    .text               c_w.l(scanf_fp.o)
    0x08002c2c   0x08002c2c   0x0000001e   Code   RO         2923    .text               c_w.l(_scanf_wcharmap.o)
    0x08002c4a   0x08002c4a   0x0000023a   Code   RO         2925    .text               c_w.l(filbuf.o)
    0x08002e84   0x08002e84   0x000001d6   Code   RO         2927    .text               c_w.l(flsbuf.o)
    0x0800305a   0x0800305a   0x00000046   Code   RO         2929    .text               c_w.l(setvbuf.o)
    0x080030a0   0x080030a0   0x00000048   Code   RO         2931    .text               c_w.l(ungetc.o)
    0x080030e8   0x080030e8   0x000000ec   Code   RO         2933    .text               c_w.l(fopen.o)
    0x080031d4   0x080031d4   0x000001b8   Code   RO         2941    .text               c_w.l(locale_r.o)
    0x0800338c   0x0800338c   0x0000003c   Code   RO         2943    .text               c_w.l(_mbrtowc.o)
    0x080033c8   0x080033c8   0x00000040   Code   RO         2945    .text               c_w.l(_wcrtomb.o)
    0x08003408   0x08003408   0x00000012   Code   RO         2953    .text               c_w.l(exit.o)
    0x0800341a   0x0800341a   0x0000000a   Code   RO         2955    .text               c_w.l(defsig_exit.o)
    0x08003424   0x08003424   0x00000030   Code   RO         2957    .text               c_w.l(defsig_abrt_inner.o)
    0x08003454   0x08003454   0x0000000e   Code   RO         2959    .text               c_w.l(defsig_rtred_outer.o)
    0x08003462   0x08003462   0x0000000e   Code   RO         2963    .text               c_w.l(defsig_rtmem_outer.o)
    0x08003470   0x08003470   0x00000022   Code   RO         2987    .text               cpprt_w.l(aeabi_vec_dtor_noexceptions.o)
    0x08003492   0x08003492   0x0000003c   Code   RO         2993    .text               cpprt_w.l(arm_exceptions_mem.o)
    0x080034ce   0x080034ce   0x00000002   PAD
    0x080034d0   0x080034d0   0x00000080   Code   RO         3011    .text               c_w.l(_printf_fp_infnan.o)
    0x08003550   0x08003550   0x000000e4   Code   RO         3019    .text               c_w.l(bigflt0.o)
    0x08003634   0x08003634   0x000000bc   Code   RO         3048    .text               c_w.l(fwritefast.o)
    0x080036f0   0x080036f0   0x00000038   Code   RO         3050    .text               c_w.l(flushlinebuffered.o)
    0x08003728   0x08003728   0x00000032   Code   RO         3071    .text               c_w.l(defsig_general.o)
    0x0800375a   0x0800375a   0x00000002   PAD
    0x0800375c   0x0800375c   0x00000034   Code   RO         3073    .text               c_w.l(defsig_rtred_inner.o)
    0x08003790   0x08003790   0x00000050   Code   RO         3075    .text               c_w.l(defsig_rtmem_inner.o)
    0x080037e0   0x080037e0   0x0000000e   Code   RO         3110    .text               c_w.l(sys_wrch.o)
    0x080037ee   0x080037ee   0x00000016   Code   RO         3123    .text               c_w.l(_rserrno.o)
    0x08003804   0x08003804   0x00000320   Code   RO         3125    .text               c_w.l(scanf_hexfp.o)
    0x08003b24   0x08003b24   0x00000134   Code   RO         3127    .text               c_w.l(scanf_infnan.o)
    0x08003c58   0x08003c58   0x00000064   Code   RO         3131    .text               c_w.l(fflush.o)
    0x08003cbc   0x08003cbc   0x0000001c   Code   RO         3141    .text               cpprt_w.l(ARM_vec_cleanup_noexceptions.o)
    0x08003cd8   0x08003cd8   0x00000026   Code   RO         3152    .text               c_w.l(llshl.o)
    0x08003cfe   0x08003cfe   0x0000003e   Code   RO         3022    CL$$btod_d2e        c_w.l(btod.o)
    0x08003d3c   0x08003d3c   0x00000046   Code   RO         3024    CL$$btod_d2e_denorm_low  c_w.l(btod.o)
    0x08003d82   0x08003d82   0x00000060   Code   RO         3023    CL$$btod_d2e_norm_op1  c_w.l(btod.o)
    0x08003de2   0x08003de2   0x00000338   Code   RO         3032    CL$$btod_div_common  c_w.l(btod.o)
    0x0800411a   0x0800411a   0x00000002   PAD
    0x0800411c   0x0800411c   0x00000084   Code   RO         3030    CL$$btod_e2d        c_w.l(btod.o)
    0x080041a0   0x080041a0   0x000000dc   Code   RO         3029    CL$$btod_e2e        c_w.l(btod.o)
    0x0800427c   0x0800427c   0x0000002a   Code   RO         3026    CL$$btod_ediv       c_w.l(btod.o)
    0x080042a6   0x080042a6   0x0000002a   Code   RO         3028    CL$$btod_edivd      c_w.l(btod.o)
    0x080042d0   0x080042d0   0x0000002a   Code   RO         3025    CL$$btod_emul       c_w.l(btod.o)
    0x080042fa   0x080042fa   0x0000002a   Code   RO         3027    CL$$btod_emuld      c_w.l(btod.o)
    0x08004324   0x08004324   0x00000244   Code   RO         3031    CL$$btod_mult_common  c_w.l(btod.o)
    0x08004568   0x08004568   0x00000014   Code   RO         2234    i.<Func5>           cpp_ws.l(locale.o)
    0x0800457c   0x0800457c   0x00000090   Code   RO          591    i.SystemCoreClockUpdate  system_mdr32f9qx.o
    0x0800460c   0x0800460c   0x00000040   Code   RO          592    i.SystemInit        system_mdr32f9qx.o
    0x0800464c   0x0800464c   0x00000020   Code   RO         2731    i._Z7catgetsPN4__rw8__rw_catEiiPKc  cpp_ws.l(rwcats.o)
    0x0800466c   0x0800466c   0x00000022   Code   RO         2732    i._Z7catopenPKci    cpp_ws.l(rwcats.o)
    0x0800468e   0x0800468e   0x00000058   Code   RO         1698    i._ZN37_INTERNAL_15_rwstdexcept_cpp_8697b68a4__rw13__rw_vfmatstrEPcjPKcSt9__va_list  cpp_ws.l(rwstdexcept.o)
    0x080046e6   0x080046e6   0x00000002   PAD
    0x080046e8   0x080046e8   0x0000014c   Code   RO         1699    i._ZN37_INTERNAL_15_rwstdexcept_cpp_8697b68a4__rw13__rw_vfmatstrEPcjiSt9__va_list  cpp_ws.l(rwstdexcept.o)
    0x08004834   0x08004834   0x0000005c   Code   RO         1701    i._ZN4__rw10__rw_throwEiz  cpp_ws.l(rwstdexcept.o)
    0x08004890   0x08004890   0x0000002c   Code   RO         1090    i._ZN4__rw11__rw_file_t11_C_get_modeEPSt6__FILE  cpp_ws.l(ios.o)
    0x080048bc   0x080048bc   0x0000001c   Code   RO         1315    i._ZN4__rw11__rw_file_t7_C_seekEli  cpp_ws.l(ios.o)
    0x080048d8   0x080048d8   0x00000020   Code   RO         1221    i._ZN4__rw11__rw_file_t8_C_writeEPKvjj  cpp_ws.l(ios.o)
    0x080048f8   0x080048f8   0x00000020   Code   RO         1646    i._ZN4__rw13__rw_allocateEji  cpp_ws.l(rwalloc.o)
    0x08004918   0x08004918   0x00000004   Code   RO         1647    i._ZN4__rw15__rw_deallocateEPvji  cpp_ws.l(rwalloc.o)
    0x0800491c   0x0800491c   0x00000002   Code   RO         1619    i._ZN4__rw15__rw_facet_base12_C_initfacetERKSt6locale  cpp_ws.l(ios.o)
    0x0800491e   0x0800491e   0x00000002   PAD
    0x08004920   0x08004920   0x000000ec   Code   RO         2337    i._ZN4__rw15__rw_locale_impC1EPKcjj  cpp_ws.l(locale.o)
    0x08004a0c   0x08004a0c   0x0000001a   Code   RO         1040    i._ZN4__rw15__rw_locale_impD1Ev  cpp_ws.l(ios.o)
    0x08004a26   0x08004a26   0x0000003a   Code   RO         2235    i._ZN4__rw21__rw_use_c_lib_localeC1EPKci  cpp_ws.l(locale.o)
    0x08004a60   0x08004a60   0x00000018   Code   RO         2202    i._ZN4__rw21__rw_use_c_lib_localeD1Ev  cpp_ws.l(char.o)
    0x08004a78   0x08004a78   0x00000098   Code   RO         2755    i._ZN4__rw25__rw_throw_exception_noexEiPc  cpp_ws.l(rwthrowproc_impl_noex.o)
    0x08004b10   0x08004b10   0x00000030   Code   RO         2735    i._ZN4__rw9__catfindEPNS_8__rw_catE  cpp_ws.l(rwcats.o)
    0x08004b40   0x08004b40   0x0000000a   Code   RO         1303    i._ZNK4__rw11__rw_file_t10_C_is_openEv  cpp_ws.l(ios.o)
    0x08004b4a   0x08004b4a   0x00000004   Code   RO         1786    i._ZNKSt14__rw_exception4whatEv  cpp_ws.l(rwstdexcept.o)
    0x08004b4e   0x08004b4e   0x00000072   Code   RO         2389    i._ZNKSt18__rw_messages_base11_C_cat_openERKSsRKSt6locale  cpp_ws.l(messages.o)
    0x08004bc0   0x08004bc0   0x00000020   Code   RO         2392    i._ZNKSt18__rw_messages_base13_C_get_localeEi  cpp_ws.l(messages.o)
    0x08004be0   0x08004be0   0x00000034   Code   RO         2393    i._ZNKSt18__rw_messages_base14_C_get_messageEiii  cpp_ws.l(messages.o)
    0x08004c14   0x08004c14   0x0000000e   Code   RO         2172    i._ZNKSt5ctypeIcE2isENSt10ctype_base4maskEc  cpp_ws.l(char.o)
    0x08004c22   0x08004c22   0x00000004   Code   RO         2190    i._ZNKSt5ctypeIcE8do_widenEc  cpp_ws.l(char.o)
    0x08004c26   0x08004c26   0x00000004   Code   RO         1428    i._ZNKSt5ctypeIwE8do_widenEc  cpp_ws.l(ios.o)
    0x08004c2a   0x08004c2a   0x00000028   Code   RO          807    i._ZNKSt6locale12_C_use_facetERKNS_2idEbiPFPN4__rw15__rw_facet_baseEiPKcjE  cpp_ws.l(ios.o)
    0x08004c52   0x08004c52   0x00000002   PAD
    0x08004c54   0x08004c54   0x00000108   Code   RO         2240    i._ZNKSt6locale13_C_make_facetERKNS_2idEbiPFPN4__rw15__rw_facet_baseEiPKcjE  cpp_ws.l(locale.o)
    0x08004d5c   0x08004d5c   0x00000074   Code   RO         2242    i._ZNKSt6locale16_C_install_facetEPN4__rw15__rw_facet_baseERKNS_2idE  cpp_ws.l(locale.o)
    0x08004dd0   0x08004dd0   0x00000030   Code   RO         2243    i._ZNKSt6locale4nameEv  cpp_ws.l(locale.o)
    0x08004e00   0x08004e00   0x00000004   Code   RO         1482    i._ZNKSt7codecvtIccSt11__mbstate_tE11do_encodingEv  cpp_ws.l(ios.o)
    0x08004e04   0x08004e04   0x0000000a   Code   RO         1155    i._ZNKSt7codecvtIccSt11__mbstate_tE13always_noconvEv  cpp_ws.l(ios.o)
    0x08004e0e   0x08004e0e   0x00000004   Code   RO         1485    i._ZNKSt7codecvtIccSt11__mbstate_tE16do_always_noconvEv  cpp_ws.l(ios.o)
    0x08004e12   0x08004e12   0x0000001c   Code   RO         1146    i._ZNKSt7codecvtIccSt11__mbstate_tE3outERS0_PKcS4_RS4_PcS6_RS6_  cpp_ws.l(ios.o)
    0x08004e2e   0x08004e2e   0x0000000e   Code   RO         1473    i._ZNKSt7codecvtIccSt11__mbstate_tE6do_outERS0_PKcS4_RS4_PcS6_RS6_  cpp_ws.l(ios.o)
    0x08004e3c   0x08004e3c   0x0000000a   Code   RO         1150    i._ZNKSt7codecvtIccSt11__mbstate_tE8encodingEv  cpp_ws.l(ios.o)
    0x08004e46   0x08004e46   0x00000004   Code   RO         1512    i._ZNKSt7codecvtIwcSt11__mbstate_tE11do_encodingEv  cpp_ws.l(ios.o)
    0x08004e4a   0x08004e4a   0x0000000a   Code   RO         1177    i._ZNKSt7codecvtIwcSt11__mbstate_tE13always_noconvEv  cpp_ws.l(ios.o)
    0x08004e54   0x08004e54   0x00000004   Code   RO         1509    i._ZNKSt7codecvtIwcSt11__mbstate_tE16do_always_noconvEv  cpp_ws.l(ios.o)
    0x08004e58   0x08004e58   0x0000001c   Code   RO         1168    i._ZNKSt7codecvtIwcSt11__mbstate_tE3outERS0_PKwS4_RS4_PcS6_RS6_  cpp_ws.l(ios.o)
    0x08004e74   0x08004e74   0x00000030   Code   RO         1500    i._ZNKSt7codecvtIwcSt11__mbstate_tE6do_outERS0_PKwS4_RS4_PcS6_RS6_  cpp_ws.l(ios.o)
    0x08004ea4   0x08004ea4   0x0000000a   Code   RO         1172    i._ZNKSt7codecvtIwcSt11__mbstate_tE8encodingEv  cpp_ws.l(ios.o)
    0x08004eae   0x08004eae   0x00000010   Code   RO         1281    i._ZNSt11char_traitsIcE11eq_int_typeERKiS2_  cpp_ws.l(ios.o)
    0x08004ebe   0x08004ebe   0x0000000c   Code   RO         1008    i._ZNSt11char_traitsIcE4copyEPcPKcj  cpp_ws.l(ios.o)
    0x08004eca   0x08004eca   0x0000000c   Code   RO         1005    i._ZNSt11char_traitsIcE4moveEPcPKcj  cpp_ws.l(ios.o)
    0x08004ed6   0x08004ed6   0x0000001c   Code   RO         1011    i._ZNSt11char_traitsIcE7not_eofERKi  cpp_ws.l(ios.o)
    0x08004ef2   0x08004ef2   0x00000010   Code   RO         1284    i._ZNSt11char_traitsIwE11eq_int_typeERKiS2_  cpp_ws.l(ios.o)
    0x08004f02   0x08004f02   0x0000000c   Code   RO         1017    i._ZNSt11char_traitsIwE4moveEPwPKwj  cpp_ws.l(ios.o)
    0x08004f0e   0x08004f0e   0x0000001c   Code   RO         1020    i._ZNSt11char_traitsIwE7not_eofERKi  cpp_ws.l(ios.o)
    0x08004f2a   0x08004f2a   0x00000002   PAD
    0x08004f2c   0x08004f2c   0x000000cc   Code   RO         2086    i._ZNSt12ctype_bynameIcE17_C_get_mask_tableEPKc  cpp_ws.l(char.o)
    0x08004ff8   0x08004ff8   0x00000120   Code   RO         2088    i._ZNSt12ctype_bynameIcEC1EPKcj  cpp_ws.l(char.o)
    0x08005118   0x08005118   0x0000000e   Code   RO         2231    i._ZNSt12ctype_bynameIcED0Ev  cpp_ws.l(char.o)
    0x08005126   0x08005126   0x00000008   Code   RO         2228    i._ZNSt12ctype_bynameIcED1Ev  cpp_ws.l(char.o)
    0x0800512e   0x0800512e   0x00000002   PAD
    0x08005130   0x08005130   0x00000084   Code   RO         1704    i._ZNSt14__rw_exception10_C_vformatEiSt9__va_list  cpp_ws.l(rwstdexcept.o)
    0x080051b4   0x080051b4   0x00000014   Code   RO         1757    i._ZNSt14__rw_exceptionC1Ev  cpp_ws.l(rwstdexcept.o)
    0x080051c8   0x080051c8   0x0000001c   Code   RO         1780    i._ZNSt14__rw_exceptionD1Ev  cpp_ws.l(rwstdexcept.o)
    0x080051e4   0x080051e4   0x00000008   Code   RO         1754    i._ZNSt18__rw_messages_baseD1Ev  cpp_ws.l(rwstdexcept.o)
    0x080051ec   0x080051ec   0x0000001a   Code   RO         2429    i._ZNSt18__rw_open_cat_dataC1Ev  cpp_ws.l(messages.o)
    0x08005206   0x08005206   0x0000000c   Code   RO         2426    i._ZNSt18__rw_open_cat_dataD1Ev  cpp_ws.l(messages.o)
    0x08005212   0x08005212   0x00000012   Code   RO         2432    i._ZNSt18__rw_open_cat_dataaSERKS_  cpp_ws.l(messages.o)
    0x08005224   0x08005224   0x000000fa   Code   RO         2090    i._ZNSt5ctypeIcE12_C_initfacetERKSt6locale  cpp_ws.l(char.o)
    0x0800531e   0x0800531e   0x00000002   PAD
    0x08005320   0x08005320   0x00000118   Code   RO         2092    i._ZNSt5ctypeIcEC1EPKNSt10ctype_base4maskEbj  cpp_ws.l(char.o)
    0x08005438   0x08005438   0x0000000e   Code   RO         2175    i._ZNSt5ctypeIcED0Ev  cpp_ws.l(char.o)
    0x08005446   0x08005446   0x00000002   PAD
    0x08005448   0x08005448   0x0000002c   Code   RO         2137    i._ZNSt5ctypeIcED1Ev  cpp_ws.l(char.o)
    0x08005474   0x08005474   0x00000018   Code   RO         1064    i._ZNSt5ctypeIwEC1Ej  cpp_ws.l(ios.o)
    0x0800548c   0x0800548c   0x0000000e   Code   RO         1440    i._ZNSt5ctypeIwED0Ev  cpp_ws.l(ios.o)
    0x0800549a   0x0800549a   0x00000008   Code   RO         1437    i._ZNSt5ctypeIwED1Ev  cpp_ws.l(ios.o)
    0x080054a2   0x080054a2   0x00000002   PAD
    0x080054a4   0x080054a4   0x00000014   Code   RO         1294    i._ZNSt6locale5facetC1Eji  cpp_ws.l(ios.o)
    0x080054b8   0x080054b8   0x0000000e   Code   RO         1395    i._ZNSt6locale5facetD0Ev  cpp_ws.l(ios.o)
    0x080054c6   0x080054c6   0x00000002   PAD
    0x080054c8   0x080054c8   0x00000084   Code   RO         2246    i._ZNSt6locale7_C_initEv  cpp_ws.l(locale.o)
    0x0800554c   0x0800554c   0x00000044   Code   RO         2248    i._ZNSt6locale7classicEv  cpp_ws.l(locale.o)
    0x08005590   0x08005590   0x00000020   Code   RO         2365    i._ZNSt6localeC1EPN4__rw15__rw_locale_impE  cpp_ws.l(locale.o)
    0x080055b0   0x080055b0   0x0000000c   Code   RO         1037    i._ZNSt6localeC1ERKS_  cpp_ws.l(ios.o)
    0x080055bc   0x080055bc   0x00000020   Code   RO         1033    i._ZNSt6localeC1Ev  cpp_ws.l(ios.o)
    0x080055dc   0x080055dc   0x00000020   Code   RO          804    i._ZNSt6localeD1Ev  cpp_ws.l(ios.o)
    0x080055fc   0x080055fc   0x00000032   Code   RO         2256    i._ZNSt6localeaSERKS_  cpp_ws.l(locale.o)
    0x0800562e   0x0800562e   0x00000002   PAD
    0x08005630   0x08005630   0x00000014   Code   RO         1143    i._ZNSt7codecvtIccSt11__mbstate_tEC1Ej  cpp_ws.l(ios.o)
    0x08005644   0x08005644   0x0000000e   Code   RO         1497    i._ZNSt7codecvtIccSt11__mbstate_tED0Ev  cpp_ws.l(ios.o)
    0x08005652   0x08005652   0x00000008   Code   RO         1494    i._ZNSt7codecvtIccSt11__mbstate_tED1Ev  cpp_ws.l(ios.o)
    0x0800565a   0x0800565a   0x00000002   PAD
    0x0800565c   0x0800565c   0x00000014   Code   RO         1165    i._ZNSt7codecvtIwcSt11__mbstate_tEC1Ej  cpp_ws.l(ios.o)
    0x08005670   0x08005670   0x0000000e   Code   RO         1524    i._ZNSt7codecvtIwcSt11__mbstate_tED0Ev  cpp_ws.l(ios.o)
    0x0800567e   0x0800567e   0x00000008   Code   RO         1521    i._ZNSt7codecvtIwcSt11__mbstate_tED1Ev  cpp_ws.l(ios.o)
    0x08005686   0x08005686   0x00000002   PAD
    0x08005688   0x08005688   0x00000318   Code   RO          703    i._ZNSt8ios_base4InitC1Ev  cpp_ws.l(ios.o)
    0x080059a0   0x080059a0   0x000000a8   Code   RO          705    i._ZNSt8ios_base4InitD1Ev  cpp_ws.l(ios.o)
    0x08005a48   0x08005a48   0x00000024   Code   RO          822    i._ZNSt8ios_baseC1Ev  cpp_ws.l(ios.o)
    0x08005a6c   0x08005a6c   0x0000000e   Code   RO         1766    i._ZNSt8messagesIcED0Ev  cpp_ws.l(rwstdexcept.o)
    0x08005a7a   0x08005a7a   0x00000010   Code   RO         1751    i._ZNSt8messagesIcED1Ev  cpp_ws.l(rwstdexcept.o)
    0x08005a8a   0x08005a8a   0x00000002   PAD
    0x08005a8c   0x08005a8c   0x0000000c   Code   RO         2476    i._ZNSt9exceptionC1Ev  cpprt_w.l(exception_ctor.o)
    0x08005a98   0x08005a98   0x0000003c   Code   RO         2410    i._ZSt13__rw_get_catsv  cpp_ws.l(messages.o)
    0x08005ad4   0x08005ad4   0x00000008   Code   RO         2438    i._ZdaPv            cpprt_w.l(array_del.o)
    0x08005adc   0x08005adc   0x00000008   Code   RO         1793    i._ZdlPv            cpprt_w.l(delete.o)
    0x08005ae4   0x08005ae4   0x00000008   Code   RO         1789    i._Znaj             cpprt_w.l(array_new.o)
    0x08005aec   0x08005aec   0x00000028   Code   RO         2441    i._Znwj             cpprt_w.l(new.o)
    0x08005b14   0x08005b14   0x00000092   Code   RO         3079    i.__ARM_array_new_general  cpprt_w.l(array_new_general.o)
    0x08005ba6   0x08005ba6   0x00000028   Code   RO         3102    i.__ARM_fpclassify  m_ws.l(fpclassify.o)
    0x08005bce   0x08005bce   0x00000010   Code   RO         2835    i.__aeabi_vec_dtor_cookie  cpprt_w.l(aeabi_vec_dtor_cookie.o)
    0x08005bde   0x08005bde   0x00000014   Code   RO         2832    i.__aeabi_vec_new_cookie  cpprt_w.l(aeabi_vec_new_cookie.o)
    0x08005bf2   0x08005bf2   0x00000010   Code   RO         2467    i.__cxa_guard_acquire  cpprt_w.l(cxa_guard_acquire.o)
    0x08005c02   0x08005c02   0x00000002   PAD
    0x08005c04   0x08005c04   0x00000018   Code   RO         2984    i.__cxa_vec_new     cpprt_w.l(cxa_vec_new.o)
    0x08005c1c   0x08005c1c   0x0000000e   Code   RO         3191    i.__mathlib_dbl_overflow  m_ws.l(dunder.o)
    0x08005c2a   0x08005c2a   0x00000002   PAD
    0x08005c2c   0x08005c2c   0x00000010   Code   RO         3193    i.__mathlib_dbl_underflow  m_ws.l(dunder.o)
    0x08005c3c   0x08005c3c   0x00000010   Code   RO         3104    i.__mathlib_narrow  m_ws.l(narrow.o)
    0x08005c4c   0x08005c4c   0x000000bc   Code   RO         3105    i.__mathlib_tofloat  m_ws.l(narrow.o)
    0x08005d08   0x08005d08   0x00000010   Code   RO         2257    i.__sti___10_locale_cpp_ff99fc7b  cpp_ws.l(locale.o)
    0x08005d18   0x08005d18   0x00000038   Code   RO         2736    i.__sti___10_rwcats_cpp_64e8068e  cpp_ws.l(rwcats.o)
    0x08005d50   0x08005d50   0x00000010   Code   RO         2094    i.__sti___8_char_cpp_a3dc957a  cpp_ws.l(char.o)
    0x08005d60   0x08005d60   0x00000020   Code   RO            1    i.__sti___8_main_cpp_main  main.o
    0x08005d80   0x08005d80   0x00000016   Code   RO         3174    i.__support_ldexp   m_ws.l(ldexp.o)
    0x08005d96   0x08005d96   0x0000000e   Code   RO          661    i._is_digit         c_w.l(__printf_wp.o)
    0x08005da4   0x08005da4   0x00000018   Code   RO         2665    i.fgetc             c_w.l(fgetc.o)
    0x08005dbc   0x08005dbc   0x0000001a   Code   RO         2669    i.fputc             c_w.l(fputc.o)
    0x08005dd6   0x08005dd6   0x00000002   PAD
    0x08005dd8   0x08005dd8   0x00000058   Code   RO         3149    i.frexp             m_ws.l(frexp.o)
    0x08005e30   0x08005e30   0x00000074   Code   RO         3175    i.ldexp             m_ws.l(ldexp.o)
    0x08005ea4   0x08005ea4   0x00000174   Code   RO            2    i.main              main.o
    0x08006018   0x08006018   0x0000002c   Code   RO         2948    locale$$code        c_w.l(lc_ctype_c.o)
    0x08006044   0x08006044   0x0000002c   Code   RO         3065    locale$$code        c_w.l(lc_numeric_c.o)
    0x08006070   0x08006070   0x00000014   Code   RO           98    t._ZN4__rw12__string_refIcSt11char_traitsIcESaIcEE10_C_inc_refEv  main.o
    0x08006084   0x08006084   0x00000046   Code   RO         1096    t._ZN4__rw16__rw_facet_makerISt5ctypeIcEE13_C_maker_funcEiPKcj  cpp_ws.l(ios.o)
    0x080060ca   0x080060ca   0x00000002   PAD
    0x080060cc   0x080060cc   0x00000034   Code   RO         1069    t._ZN4__rw16__rw_facet_makerISt5ctypeIwEE13_C_maker_funcEiPKcj  cpp_ws.l(ios.o)
    0x08006100   0x08006100   0x00000034   Code   RO         1309    t._ZN4__rw16__rw_facet_makerISt7codecvtIccSt11__mbstate_tEE13_C_maker_funcEiPKcj  cpp_ws.l(ios.o)
    0x08006134   0x08006134   0x00000034   Code   RO         1318    t._ZN4__rw16__rw_facet_makerISt7codecvtIwcSt11__mbstate_tEE13_C_maker_funcEiPKcj  cpp_ws.l(ios.o)
    0x08006168   0x08006168   0x00000056   Code   RO         2353    t._ZN4__rw18__rw_locale_vectorIPNS_15__rw_facet_baseEE6resizeEjRKS2_  cpp_ws.l(locale.o)
    0x080061be   0x080061be   0x0000000e   Code   RO         1287    t._ZN4__rw18__rw_locale_vectorIPNS_15__rw_facet_baseEED1Ev  cpp_ws.l(ios.o)
    0x080061cc   0x080061cc   0x0000000e   Code   RO         2752    t._ZN4__rw18__rw_locale_vectorIPNS_8__rw_catEED1Ev  cpp_ws.l(rwcats.o)
    0x080061da   0x080061da   0x00000002   PAD
    0x080061dc   0x080061dc   0x00000014   Code   RO         1290    t._ZN4__rw18__rw_locale_vectorISsED1Ev  cpp_ws.l(ios.o)
    0x080061f0   0x080061f0   0x00000088   Code   RO         2416    t._ZN4__rw18__rw_locale_vectorISt18__rw_open_cat_dataE6resizeEj  cpp_ws.l(messages.o)
    0x08006278   0x08006278   0x00000014   Code   RO         2422    t._ZN4__rw18__rw_locale_vectorISt18__rw_open_cat_dataED1Ev  cpp_ws.l(messages.o)
    0x0800628c   0x0800628c   0x00000016   Code   RO          825    t._ZN4__rw23__rw_create_named_facetISt5ctypeIwEEEPT_S4_PKcj  cpp_ws.l(ios.o)
    0x080062a2   0x080062a2   0x00000016   Code   RO          897    t._ZN4__rw23__rw_create_named_facetISt7codecvtIccSt11__mbstate_tEEEPT_S5_PKcj  cpp_ws.l(ios.o)
    0x080062b8   0x080062b8   0x00000016   Code   RO          950    t._ZN4__rw23__rw_create_named_facetISt7codecvtIwcSt11__mbstate_tEEEPT_S5_PKcj  cpp_ws.l(ios.o)
    0x080062ce   0x080062ce   0x00000006   Code   RO         1227    t._ZNKSt13basic_filebufIcSt11char_traitsIcEE7is_openEv  cpp_ws.l(ios.o)
    0x080062d4   0x080062d4   0x00000006   Code   RO         1268    t._ZNKSt13basic_filebufIwSt11char_traitsIwEE7is_openEv  cpp_ws.l(ios.o)
    0x080062da   0x080062da   0x00000014   Code   RO         1194    t._ZNKSt15basic_streambufIcSt11char_traitsIcEE9_C_is_eofEi  cpp_ws.l(ios.o)
    0x080062ee   0x080062ee   0x00000014   Code   RO         1256    t._ZNKSt15basic_streambufIwSt11char_traitsIwEE9_C_is_eofEi  cpp_ws.l(ios.o)
    0x08006302   0x08006302   0x00000010   Code   RO         1215    t._ZNKSt4fposISt11__mbstate_tEeqERKS1_  cpp_ws.l(ios.o)
    0x08006312   0x08006312   0x0000001c   Code   RO         1212    t._ZNKSt4fposISt11__mbstate_tEplEl  cpp_ws.l(ios.o)
    0x0800632e   0x0800632e   0x00000002   PAD
    0x08006330   0x08006330   0x00000090   Code   RO         1745    t._ZNKSt8messagesIcE6do_getEiiiRKSs  cpp_ws.l(rwstdexcept.o)
    0x080063c0   0x080063c0   0x00000006   Code   RO         1760    t._ZNKSt8messagesIcE7do_openERKSsRKSt6locale  cpp_ws.l(rwstdexcept.o)
    0x080063c6   0x080063c6   0x00000002   PAD
    0x080063c8   0x080063c8   0x00000034   Code   RO          863    t._ZNSoC1EPSt15basic_streambufIcSt11char_traitsIcEE  cpp_ws.l(ios.o)
    0x080063fc   0x080063fc   0x00000032   Code   RO         2325    t._ZNSs11_C_allocateEjjj  cpp_ws.l(locale.o)
    0x0800642e   0x0800642e   0x00000018   Code   RO         2362    t._ZNSs7replaceEjjPKcj  cpp_ws.l(locale.o)
    0x08006446   0x08006446   0x00000002   PAD
    0x08006448   0x08006448   0x00000168   Code   RO          797    t._ZNSs7replaceEjjPKcjjj  cpp_ws.l(ios.o)
    0x080065b0   0x080065b0   0x00000074   Code   RO          788    t._ZNSs9_C_getRepEjj  cpp_ws.l(ios.o)
    0x08006624   0x08006624   0x00000048   Code   RO          794    t._ZNSs9_C_unlinkEv  cpp_ws.l(ios.o)
    0x0800666c   0x0800666c   0x00000038   Code   RO         2328    t._ZNSsC1EPKcRKSaIcE  cpp_ws.l(locale.o)
    0x080066a4   0x080066a4   0x00000010   Code   RO         2359    t._ZNSsC1ERKSaIcE   cpp_ws.l(locale.o)
    0x080066b4   0x080066b4   0x0000003e   Code   RO          791    t._ZNSsC1ERKSs      cpp_ws.l(ios.o)
    0x080066f2   0x080066f2   0x0000000c   Code   RO         1029    t._ZNSsD1Ev         cpp_ws.l(ios.o)
    0x080066fe   0x080066fe   0x00000002   PAD
    0x08006700   0x08006700   0x0000004c   Code   RO         2334    t._ZNSsaSEPKc       cpp_ws.l(locale.o)
    0x0800674c   0x0800674c   0x0000003e   Code   RO         2331    t._ZNSsaSERKSs      cpp_ws.l(locale.o)
    0x0800678a   0x0800678a   0x00000020   Code   RO         1237    t._ZNSt13basic_filebufIcSt11char_traitsIcEE12_C_file_seekEli  cpp_ws.l(ios.o)
    0x080067aa   0x080067aa   0x00000122   Code   RO          939    t._ZNSt13basic_filebufIcSt11char_traitsIcEE4syncEv  cpp_ws.l(ios.o)
    0x080068cc   0x080068cc   0x00000072   Code   RO          869    t._ZNSt13basic_filebufIcSt11char_traitsIcEE6setbufEPcl  cpp_ws.l(ios.o)
    0x0800693e   0x0800693e   0x0000016e   Code   RO          924    t._ZNSt13basic_filebufIcSt11char_traitsIcEE8overflowEi  cpp_ws.l(ios.o)
    0x08006aac   0x08006aac   0x00000074   Code   RO          873    t._ZNSt13basic_filebufIcSt11char_traitsIcEEC1EPSt6__FILEPcl  cpp_ws.l(ios.o)
    0x08006b20   0x08006b20   0x00000020   Code   RO         1278    t._ZNSt13basic_filebufIwSt11char_traitsIwEE12_C_file_seekEli  cpp_ws.l(ios.o)
    0x08006b40   0x08006b40   0x0000012a   Code   RO          992    t._ZNSt13basic_filebufIwSt11char_traitsIwEE4syncEv  cpp_ws.l(ios.o)
    0x08006c6a   0x08006c6a   0x0000006e   Code   RO          845    t._ZNSt13basic_filebufIwSt11char_traitsIwEE6setbufEPwl  cpp_ws.l(ios.o)
    0x08006cd8   0x08006cd8   0x00000172   Code   RO          977    t._ZNSt13basic_filebufIwSt11char_traitsIwEE8overflowEi  cpp_ws.l(ios.o)
    0x08006e4a   0x08006e4a   0x00000002   PAD
    0x08006e4c   0x08006e4c   0x00000074   Code   RO          849    t._ZNSt13basic_filebufIwSt11char_traitsIwEEC1EPSt6__FILEPwl  cpp_ws.l(ios.o)
    0x08006ec0   0x08006ec0   0x00000034   Code   RO          839    t._ZNSt13basic_ostreamIwSt11char_traitsIwEEC1EPSt15basic_streambufIwS1_E  cpp_ws.l(ios.o)
    0x08006ef4   0x08006ef4   0x00000012   Code   RO         1111    t._ZNSt15basic_streambufIcSt11char_traitsIcEE10_C_own_bufEb  cpp_ws.l(ios.o)
    0x08006f06   0x08006f06   0x00000012   Code   RO         1200    t._ZNSt15basic_streambufIcSt11char_traitsIcEE11_C_out_lastEb  cpp_ws.l(ios.o)
    0x08006f18   0x08006f18   0x00000012   Code   RO         1108    t._ZNSt15basic_streambufIcSt11char_traitsIcEE17_C_set_unbufferedEb  cpp_ws.l(ios.o)
    0x08006f2a   0x08006f2a   0x00000020   Code   RO          890    t._ZNSt15basic_streambufIcSt11char_traitsIcEE5sputcEc  cpp_ws.l(ios.o)
    0x08006f4a   0x08006f4a   0x00000002   Code   RO         1542    t._ZNSt15basic_streambufIcSt11char_traitsIcEE6setbufEPcl  cpp_ws.l(ios.o)
    0x08006f4c   0x08006f4c   0x00000006   Code   RO         1561    t._ZNSt15basic_streambufIcSt11char_traitsIcEE8overflowEi  cpp_ws.l(ios.o)
    0x08006f52   0x08006f52   0x00000006   Code   RO         1118    t._ZNSt15basic_streambufIcSt11char_traitsIcEE9pubsetbufEPcl  cpp_ws.l(ios.o)
    0x08006f58   0x08006f58   0x00000012   Code   RO         1084    t._ZNSt15basic_streambufIwSt11char_traitsIwEE10_C_own_bufEb  cpp_ws.l(ios.o)
    0x08006f6a   0x08006f6a   0x00000012   Code   RO         1262    t._ZNSt15basic_streambufIwSt11char_traitsIwEE11_C_out_lastEb  cpp_ws.l(ios.o)
    0x08006f7c   0x08006f7c   0x00000012   Code   RO         1081    t._ZNSt15basic_streambufIwSt11char_traitsIwEE17_C_set_unbufferedEb  cpp_ws.l(ios.o)
    0x08006f8e   0x08006f8e   0x00000022   Code   RO          946    t._ZNSt15basic_streambufIwSt11char_traitsIwEE5sputcEw  cpp_ws.l(ios.o)
    0x08006fb0   0x08006fb0   0x00000002   Code   RO         1588    t._ZNSt15basic_streambufIwSt11char_traitsIwEE6setbufEPwl  cpp_ws.l(ios.o)
    0x08006fb2   0x08006fb2   0x00000006   Code   RO         1607    t._ZNSt15basic_streambufIwSt11char_traitsIwEE8overflowEi  cpp_ws.l(ios.o)
    0x08006fb8   0x08006fb8   0x00000006   Code   RO         1114    t._ZNSt15basic_streambufIwSt11char_traitsIwEE9pubsetbufEPwl  cpp_ws.l(ios.o)
    0x08006fbe   0x08006fbe   0x0000000e   Code   RO         1203    t._ZNSt4fposISt11__mbstate_tEC1ERKS1_  cpp_ws.l(ios.o)
    0x08006fcc   0x08006fcc   0x0000000a   Code   RO         1087    t._ZNSt4fposISt11__mbstate_tEC1El  cpp_ws.l(ios.o)
    0x08006fd6   0x08006fd6   0x00000012   Code   RO         1206    t._ZNSt4fposISt11__mbstate_tEaSERKS1_  cpp_ws.l(ios.o)
    0x08006fe8   0x08006fe8   0x00000008   Code   RO         1300    t._ZNSt4fposISt11__mbstate_tEpLEl  cpp_ws.l(ios.o)
    0x08006ff0   0x08006ff0   0x0000005c   Code   RO          855    t._ZNSt9basic_iosIcSt11char_traitsIcEE4initEPSt15basic_streambufIcS1_E  cpp_ws.l(ios.o)
    0x0800704c   0x0800704c   0x00000010   Code   RO         1102    t._ZNSt9basic_iosIcSt11char_traitsIcEEC1Ev  cpp_ws.l(ios.o)
    0x0800705c   0x0800705c   0x0000005c   Code   RO          831    t._ZNSt9basic_iosIwSt11char_traitsIwEE4initEPSt15basic_streambufIwS1_E  cpp_ws.l(ios.o)
    0x080070b8   0x080070b8   0x00000010   Code   RO         1075    t._ZNSt9basic_iosIwSt11char_traitsIwEEC1Ev  cpp_ws.l(ios.o)
    0x080070c8   0x080070c8   0x0000000c   Code   RO         2169    t._ZSt3maxIjERKT_S2_S2_  cpp_ws.l(char.o)
    0x080070d4   0x080070d4   0x0000001c   Code   RO         1224    t._ZSt9use_facetISt7codecvtIccSt11__mbstate_tEERKT_RKSt6locale  cpp_ws.l(ios.o)
    0x080070f0   0x080070f0   0x0000001c   Code   RO         1265    t._ZSt9use_facetISt7codecvtIwcSt11__mbstate_tEERKT_RKSt6locale  cpp_ws.l(ios.o)
    0x0800710c   0x0800710c   0x00000062   Code   RO         3144    x$fpl$d2f           fz_ws.l(d2f.o)
    0x0800716e   0x0800716e   0x00000002   PAD
    0x08007170   0x08007170   0x00000010   Code   RO         3185    x$fpl$dcheck1       fz_ws.l(dcheck1.o)
    0x08007180   0x08007180   0x00000018   Code   RO         3085    x$fpl$dcmpinf       fz_ws.l(dcmpi.o)
    0x08007198   0x08007198   0x00000078   Code   RO         3003    x$fpl$deqf          fz_ws.l(deqf.o)
    0x08007210   0x08007210   0x00000078   Code   RO         3005    x$fpl$dleqf         fz_ws.l(dleqf.o)
    0x08007288   0x08007288   0x0000009c   Code   RO         3087    x$fpl$dnaninf       fz_ws.l(dnaninf.o)
    0x08007324   0x08007324   0x0000006c   Code   RO         3146    x$fpl$drleqf        fz_ws.l(drleqf.o)
    0x08007390   0x08007390   0x0000000a   Code   RO         3169    x$fpl$fretinf       fz_ws.l(fretinf.o)
    0x0800739a   0x0800739a   0x00000006   Code   RO         3093    x$fpl$ieeestatus    fz_ws.l(istatus.o)
    0x080073a0   0x080073a0   0x00000004   Code   RO         2859    x$fpl$printf1       fz_ws.l(printf1.o)
    0x080073a4   0x080073a4   0x00000004   Code   RO         2861    x$fpl$printf2       fz_ws.l(printf2.o)
    0x080073a8   0x080073a8   0x00000064   Code   RO         3214    x$fpl$retnan        fz_ws.l(retnan.o)
    0x0800740c   0x0800740c   0x0000005c   Code   RO         3171    x$fpl$scalbn        fz_ws.l(scalbn.o)
    0x08007468   0x08007468   0x00000004   Code   RO         2867    x$fpl$scanf1        fz_ws.l(scanf1.o)
    0x0800746c   0x0800746c   0x00000008   Code   RO         3095    x$fpl$scanf2        fz_ws.l(scanf2.o)
    0x08007474   0x08007474   0x00000030   Code   RO         3218    x$fpl$trapveneer    fz_ws.l(trapv.o)
    0x080074a4   0x080074a4   0x00000000   Code   RO         3101    x$fpl$usenofp       fz_ws.l(usenofp.o)
    0x080074a4   0x080074a4   0x00000011   Data   RO          669    .constdata          c_w.l(__printf_flags_ss_wp.o)
    0x080074b5   0x080074b5   0x00000003   PAD
    0x080074b8   0x080074b8   0x0000005c   Data   RO         1724    .constdata          cpp_ws.l(rwstdexcept.o)
    0x08007514   0x08007514   0x00000200   Data   RO         2114    .constdata          cpp_ws.l(char.o)
    0x08007714   0x08007714   0x00000004   Data   RO         2518    .constdata          c_w.l(sys_io.o)
    0x08007718   0x08007718   0x00000004   Data   RO         2519    .constdata          c_w.l(sys_io.o)
    0x0800771c   0x0800771c   0x00000004   Data   RO         2520    .constdata          c_w.l(sys_io.o)
    0x08007720   0x08007720   0x00000008   Data   RO         2596    .constdata          c_w.l(_printf_wctomb.o)
    0x08007728   0x08007728   0x00000028   Data   RO         2625    .constdata          c_w.l(_printf_hex_int_ll_ptr.o)
    0x08007750   0x08007750   0x00000026   Data   RO         2909    .constdata          c_w.l(_printf_fp_hex.o)
    0x08007776   0x08007776   0x00000002   PAD
    0x08007778   0x08007778   0x00000094   Data   RO         3020    .constdata          c_w.l(bigflt0.o)
    0x0800780c   0x0800780c   0x00000014   Data   RO         1328    .constdata__ZTVNSt6locale5facetE  cpp_ws.l(ios.o)
    0x08007820   0x08007820   0x00000008   Data   RO         1343    .constdata__ZTVSi   cpp_ws.l(ios.o)
    0x08007828   0x08007828   0x00000028   Data   RO         1345    .constdata__ZTVSi   cpp_ws.l(ios.o)
    0x08007850   0x08007850   0x00000008   Data   RO         1346    .constdata__ZTVSo   cpp_ws.l(ios.o)
    0x08007858   0x08007858   0x00000028   Data   RO         1348    .constdata__ZTVSo   cpp_ws.l(ios.o)
    0x08007880   0x08007880   0x00000034   Data   RO         2213    .constdata__ZTVSt12ctype_bynameIcE  cpp_ws.l(char.o)
    0x080078b4   0x080078b4   0x00000040   Data   RO          781    .constdata__ZTVSt13basic_filebufIcSt11char_traitsIcEE  cpp_ws.l(ios.o)
    0x080078f4   0x080078f4   0x00000040   Data   RO          783    .constdata__ZTVSt13basic_filebufIwSt11char_traitsIwEE  cpp_ws.l(ios.o)
    0x08007934   0x08007934   0x00000008   Data   RO         1351    .constdata__ZTVSt13basic_istreamIwSt11char_traitsIwEE  cpp_ws.l(ios.o)
    0x0800793c   0x0800793c   0x00000028   Data   RO         1353    .constdata__ZTVSt13basic_istreamIwSt11char_traitsIwEE  cpp_ws.l(ios.o)
    0x08007964   0x08007964   0x00000008   Data   RO         1354    .constdata__ZTVSt13basic_ostreamIwSt11char_traitsIwEE  cpp_ws.l(ios.o)
    0x0800796c   0x0800796c   0x00000028   Data   RO         1356    .constdata__ZTVSt13basic_ostreamIwSt11char_traitsIwEE  cpp_ws.l(ios.o)
    0x08007994   0x08007994   0x00000014   Data   RO         1770    .constdata__ZTVSt14__rw_exception  cpp_ws.l(rwstdexcept.o)
    0x080079a8   0x080079a8   0x00000040   Data   RO         1342    .constdata__ZTVSt15basic_streambufIcSt11char_traitsIcEE  cpp_ws.l(ios.o)
    0x080079e8   0x080079e8   0x00000040   Data   RO         1350    .constdata__ZTVSt15basic_streambufIwSt11char_traitsIwEE  cpp_ws.l(ios.o)
    0x08007a28   0x08007a28   0x00000034   Data   RO         2125    .constdata__ZTVSt5ctypeIcE  cpp_ws.l(char.o)
    0x08007a5c   0x08007a5c   0x00000044   Data   RO         1332    .constdata__ZTVSt5ctypeIwE  cpp_ws.l(ios.o)
    0x08007aa0   0x08007aa0   0x00000030   Data   RO         1338    .constdata__ZTVSt7codecvtIccSt11__mbstate_tE  cpp_ws.l(ios.o)
    0x08007ad0   0x08007ad0   0x00000030   Data   RO         1340    .constdata__ZTVSt7codecvtIwcSt11__mbstate_tE  cpp_ws.l(ios.o)
    0x08007b00   0x08007b00   0x00000010   Data   RO         1330    .constdata__ZTVSt8ios_base  cpp_ws.l(ios.o)
    0x08007b10   0x08007b10   0x00000020   Data   RO         1737    .constdata__ZTVSt8messagesIcE  cpp_ws.l(rwstdexcept.o)
    0x08007b30   0x08007b30   0x00000010   Data   RO         1334    .constdata__ZTVSt9basic_iosIcSt11char_traitsIcEE  cpp_ws.l(ios.o)
    0x08007b40   0x08007b40   0x00000010   Data   RO         1336    .constdata__ZTVSt9basic_iosIwSt11char_traitsIwEE  cpp_ws.l(ios.o)
    0x08007b50   0x08007b50   0x00000014   Data   RO         2486    .constdata__ZTVSt9exception  cpprt_w.l(exception_dtor.o)
    0x08007b64   0x08007b64   0x00000001   Data   RO          784    .constdata__ZZN4__rw24__rw_create_native_facetISt5ctypeIwEEEPT_S4_Es  cpp_ws.l(ios.o)
    0x08007b65   0x08007b65   0x00000001   Data   RO          785    .constdata__ZZN4__rw24__rw_create_native_facetISt7codecvtIccSt11__mbstate_tEEEPT_S5_Es  cpp_ws.l(ios.o)
    0x08007b66   0x08007b66   0x00000001   Data   RO          786    .constdata__ZZN4__rw24__rw_create_native_facetISt7codecvtIwcSt11__mbstate_tEEEPT_S5_Es  cpp_ws.l(ios.o)
    0x08007b67   0x08007b67   0x00000001   Data   RO         2322    .constdata__ZZNK4__rw15__rw_locale_imp16_C_category_nameEiEs  cpp_ws.l(locale.o)
    0x08007b68   0x08007b68   0x00000001   Data   RO           20    .constdata__ZZNSs7replaceEjjPKcjjjEs  main.o
    0x08007b69   0x08007b69   0x00000001   Data   RO           21    .constdata__ZZNSs9_C_getRepEjjEs  main.o
    0x08007b6a   0x08007b6a   0x00000002   Data   RO         1738    .constdata__ZZNSt8messagesIcEC1EjEs  cpp_ws.l(rwstdexcept.o)
    0x08007b6c   0x08007b6c   0x00000272   Data   RO         1725    .conststring        cpp_ws.l(rwstdexcept.o)
    0x08007dde   0x08007dde   0x00000002   PAD
    0x08007de0   0x08007de0   0x00000020   Data   RO         3220    Region$$Table       anon$$obj.o
    0x08007e00   0x08007e00   0x00000008   Data   RO         3089    c$$dinf             fz_ws.l(fpconst.o)
    0x08007e08   0x08007e08   0x00000008   Data   RO         3092    c$$dmax             fz_ws.l(fpconst.o)
    0x08007e10   0x08007e10   0x00000110   Data   RO         2947    locale$$data        c_w.l(lc_ctype_c.o)
    0x08007f20   0x08007f20   0x00000010   Data   RO         3060    locale$$data        c_w.l(null_locale.o)
    0x08007f30   0x08007f30   0x0000001c   Data   RO         3064    locale$$data        c_w.l(lc_numeric_c.o)
    0x08007f4c   0x08007f4c   0x00000004   Data   RO            6    .init_array         main.o
    0x08007f50   0x08007f4c   0x00000000   Data   RO          692    .init_array         c_w.l(init_aeabi.o)
    0x08007f50   0x08007f4c   0x00000004   Data   RO         2116    .init_array         cpp_ws.l(char.o)
    0x08007f54   0x08007f4c   0x00000004   Data   RO         2305    .init_array         cpp_ws.l(locale.o)
    0x08007f58   0x08007f4c   0x00000004   Data   RO         2746    .init_array         cpp_ws.l(rwcats.o)


    Execution Region ER_RW (Exec base: 0x20000000, Load base: 0x08007f5c, Size: 0x00000078, Max: 0xffffffff, ABSOLUTE)

    Exec Addr    Load Addr    Size         Type   Attr      Idx    E Section Name        Object

    0x20000000   0x08007f5c   0x00000001   Data   RW            5    .data               main.o
    0x20000001   0x08007f5d   0x00000003   PAD
    0x20000004   0x08007f60   0x00000004   Data   RW          593    .data               system_mdr32f9qx.o
    0x20000008   0x08007f64   0x0000000c   Data   RW          763    .data               cpp_ws.l(ios.o)
    0x20000014   0x08007f70   0x00000017   Data   RW         1726    .data               cpp_ws.l(rwstdexcept.o)
    0x2000002b   0x08007f87   0x00000001   PAD
    0x2000002c   0x08007f88   0x00000004   Data   RW         1999    .data               c_w.l(stdio_streams.o)
    0x20000030   0x08007f8c   0x00000004   Data   RW         2000    .data               c_w.l(stdio_streams.o)
    0x20000034   0x08007f90   0x00000004   Data   RW         2001    .data               c_w.l(stdio_streams.o)
    0x20000038   0x08007f94   0x00000008   Data   RW         2115    .data               cpp_ws.l(char.o)
    0x20000040   0x08007f9c   0x0000001c   Data   RW         2304    .data               cpp_ws.l(locale.o)
    0x2000005c   0x08007fb8   0x00000004   Data   RW         2437    .data               cpp_ws.l(rwthrowproc_noex.o)
    0x20000060   0x08007fbc   0x00000008   Data   RW         2745    .data               cpp_ws.l(rwcats.o)
    0x20000068   0x08007fc4   0x00000004   Data   RW         2386    .data__ZZNKSt6locale2id7_C_initEvE9_C_id_gen  cpp_ws.l(locale.o)
    0x2000006c   0x08007fc8   0x0000000c   Data   RW         2435    .data__ZZSt13__rw_get_catsvE11__open_cats  cpp_ws.l(messages.o)


    Execution Region ER_ZI (Exec base: 0x20000078, Load base: 0x08007fd4, Size: 0x000024e0, Max: 0xffffffff, ABSOLUTE)

    Exec Addr    Load Addr    Size         Type   Attr      Idx    E Section Name        Object

    0x20000078        -       0x00001d30   Zero   RW          723    .bss                cpp_ws.l(ios.o)
    0x20001da8        -       0x00000018   Zero   RW         1723    .bss                cpp_ws.l(rwstdexcept.o)
    0x20001dc0        -       0x00000054   Zero   RW         1996    .bss                c_w.l(stdio_streams.o)
    0x20001e14        -       0x00000054   Zero   RW         1997    .bss                c_w.l(stdio_streams.o)
    0x20001e68        -       0x00000054   Zero   RW         1998    .bss                c_w.l(stdio_streams.o)
    0x20001ebc        -       0x00000060   Zero   RW         2525    .bss                c_w.l(libspace.o)
    0x20001f1c        -       0x0000002a   Zero   RW         2686    .bss                c_w.l(locale.o)
    0x20001f46   0x08007fd4   0x00000002   PAD
    0x20001f48        -       0x00000010   Zero   RW         2819    .bss__ZNSs9__nullrefE  cpp_ws.l(vendor.o)
    0x20001f58        -       0x00000200   Zero   RW          582    HEAP                startup_mdr32f9qx.o
    0x20002158        -       0x00000400   Zero   RW          581    STACK               startup_mdr32f9qx.o


==============================================================================

Image component sizes


      Code (inc. data)   RO Data    RW Data    ZI Data      Debug   Object Name

       424         74          6          1          0      69084   main.o
        64         26        192          0       1536        828   startup_mdr32f9qx.o
       208         24          0          4          0       5863   system_mdr32f9qx.o

    ----------------------------------------------------------------------
       696        124        230          8       1536      75775   Object Totals
         0          0         32          0          0          0   (incl. Generated)
         0          0          0          3          0          0   (incl. Padding)

    ----------------------------------------------------------------------

      Code (inc. data)   RO Data    RW Data    ZI Data      Debug   Library Member Name

        32          6          0          0          0         84   __0scanf.o
        24          4          0          0          0         84   __2printf.o
         8          0          0          0          0         68   __main.o
       392          4         17          0          0         92   __printf_flags_ss_wp.o
        14          0          0          0          0         68   __printf_wp.o
         0          0          0          0          0          0   __rtentry.o
        12          0          0          0          0          0   __rtentry2.o
         6          0          0          0          0          0   __rtentry4.o
        52          8          0          0          0          0   __scatter.o
        26          0          0          0          0          0   __scatter_copy.o
        28          0          0          0          0          0   __scatter_zi.o
        28          0          0          0          0         68   _chval.o
        60          0          0          0          0         92   _mbrtowc.o
         6          0          0          0          0          0   _printf_a.o
         6          0          0          0          0          0   _printf_c.o
        44          0          0          0          0        108   _printf_char.o
        48          6          0          0          0         96   _printf_char_common.o
        36          4          0          0          0         80   _printf_char_file.o
        40          0          0          0          0         68   _printf_charcount.o
         6          0          0          0          0          0   _printf_d.o
       120         16          0          0          0         92   _printf_dec.o
         6          0          0          0          0          0   _printf_e.o
         6          0          0          0          0          0   _printf_f.o
      1054          0          0          0          0        216   _printf_fp_dec.o
       764          8         38          0          0        100   _printf_fp_hex.o
       128         16          0          0          0         84   _printf_fp_infnan.o
         6          0          0          0          0          0   _printf_g.o
       148          4         40          0          0        160   _printf_hex_int_ll_ptr.o
         6          0          0          0          0          0   _printf_i.o
       178          0          0          0          0         88   _printf_intcommon.o
        10          0          0          0          0          0   _printf_l.o
         6          0          0          0          0          0   _printf_lc.o
        10          0          0          0          0          0   _printf_ll.o
         6          0          0          0          0          0   _printf_lld.o
         6          0          0          0          0          0   _printf_lli.o
         6          0          0          0          0          0   _printf_llo.o
         6          0          0          0          0          0   _printf_llu.o
         6          0          0          0          0          0   _printf_llx.o
       124         16          0          0          0         92   _printf_longlong_dec.o
         6          0          0          0          0          0   _printf_ls.o
         6          0          0          0          0          0   _printf_n.o
         6          0          0          0          0          0   _printf_o.o
       112         10          0          0          0        124   _printf_oct_int_ll.o
         6          0          0          0          0          0   _printf_p.o
        78          0          0          0          0        108   _printf_pad.o
         0          0          0          0          0          0   _printf_percent.o
         4          0          0          0          0          0   _printf_percent_end.o
         6          0          0          0          0          0   _printf_s.o
        82          0          0          0          0         80   _printf_str.o
        36          0          0          0          0         84   _printf_truncate.o
         6          0          0          0          0          0   _printf_u.o
        44          0          0          0          0        108   _printf_wchar.o
       188          6          8          0          0         92   _printf_wctomb.o
         6          0          0          0          0          0   _printf_x.o
        22          0          0          0          0        100   _rserrno.o
       884          6          0          0          0        100   _scanf.o
       332          0          0          0          0         96   _scanf_int.o
       342          0          0          0          0        100   _scanf_longlong.o
       276          0          0          0          0        100   _scanf_mbtowc.o
       224          0          0          0          0         96   _scanf_str.o
        30          0          0          0          0         76   _scanf_wcharmap.o
       232          0          0          0          0        100   _scanf_wctomb.o
       208          0          0          0          0         96   _scanf_wstr.o
        64          0          0          0          0         84   _sgetc.o
        16          0          0          0          0         68   _snputc.o
        10          0          0          0          0         68   _sputc.o
        64          0          0          0          0         92   _wcrtomb.o
        22          0          0          0          0         80   abort.o
        46          0          0          0          0         84   aeabi_atexit.o
        72          0          0          0          0         92   backspace.o
       228          4        148          0          0         96   bigflt0.o
      2152        136          0          0          0        960   btod.o
        66          0          0          0          0         84   cxa_finalize.o
        48         34          0          0          0         76   defsig_abrt_inner.o
        14          0          0          0          0         80   defsig_abrt_outer.o
        10          0          0          0          0         68   defsig_exit.o
        50          0          0          0          0         88   defsig_general.o
        80         58          0          0          0         76   defsig_rtmem_inner.o
        14          0          0          0          0         80   defsig_rtmem_outer.o
        52         38          0          0          0         76   defsig_rtred_inner.o
        14          0          0          0          0         80   defsig_rtred_outer.o
        18          0          0          0          0         80   exit.o
        76          0          0          0          0         88   fclose.o
         8          0          0          0          0         68   ferror.o
       100          4          0          0          0        120   fflush.o
        24          0          0          0          0         68   fgetc.o
       570          0          0          0          0        132   filbuf.o
       470          0          0          0          0         88   flsbuf.o
        56          6          0          0          0         80   flushlinebuffered.o
       236          4          0          0          0        128   fopen.o
        20          0          0          0          0         84   fprintf.o
        26          0          0          0          0         68   fputc.o
       248          6          0          0          0         84   fseek.o
        66          0          0          0          0         76   ftell.o
       188          0          0          0          0         88   fwritefast.o
        94          0          0          0          0         80   h1_alloc.o
        52          0          0          0          0         68   h1_extend.o
        78          0          0          0          0         80   h1_free.o
        14          0          0          0          0         84   h1_init.o
         6          0          0          0          0        152   heapauxi.o
         4          0          0          0          0        136   hguard.o
         0          0          0          0          0          0   indicate_semi.o
        36         10          0          0          0         80   init_aeabi.o
       138          0          0          0          0        168   init_alloc.o
       312         46          0          0          0        112   initio.o
        18          0          0          0          0         76   isspace.o
        44         10        272          0          0         76   lc_ctype_c.o
        44         10         28          0          0         76   lc_numeric_c.o
         2          0          0          0          0          0   libinit.o
        46          0          0          0          0          0   libinit2.o
         2          0          0          0          0          0   libshutdown.o
        12          0          0          0          0          0   libshutdown2.o
         8          4          0          0         96         68   libspace.o
        38          0          0          0          0         68   llshl.o
       138          0          0          0          0         80   lludiv10.o
        16          6          0          0         42         68   locale.o
       440          8          0          0          0        180   locale_r.o
         0          0          0          0          0          0   maybetermalloc1.o
         8          0          0          0          0         76   memcpy.o
         8          0          0          0          0         76   memmove.o
         0          0         16          0          0          0   null_locale.o
        16          4          0          0          0         76   rt_ctype_table.o
         8          4          0          0          0         68   rt_ddtor_pointer_addr_intlibspace.o
         8          4          0          0          0         68   rt_eh_globals_addr_intlibspace.o
         8          4          0          0          0         68   rt_errno_addr_intlibspace.o
         8          4          0          0          0         68   rt_heap_descriptor_intlibspace.o
         8          4          0          0          0         68   rt_locale_intlibspace.o
        78          0          0          0          0         80   rt_memclr_w.o
       138          0          0          0          0         68   rt_memcpy_v6.o
       100          0          0          0          0         80   rt_memcpy_w.o
       132          0          0          0          0         68   rt_memmove_v6.o
       122          0          0          0          0         80   rt_memmove_w.o
         8          4          0          0          0         68   rt_new_handler_addr_intlibspace.o
         2          0          0          0          0          0   rtexit.o
        10          0          0          0          0          0   rtexit2.o
        44          8          0          0          0         84   scanf_char.o
        24          8          0          0          0         68   scanf_char_file.o
      1272         16          0          0          0        168   scanf_fp.o
       800         14          0          0          0        100   scanf_hexfp.o
       308         16          0          0          0        100   scanf_infnan.o
        70          0          0          0          0         80   setvbuf.o
        60          8          0          0          0         84   sscanf.o
       240          6          0          0          0        156   stdio.o
         0          0          0         12        252          0   stdio_streams.o
        24          0          0          0          0         68   strcat.o
       128          0          0          0          0         68   strcmpv7m.o
        72          0          0          0          0         80   strcpy.o
        62          0          0          0          0         76   strlen.o
        22          0          0          0          0         68   strrchr.o
        12          4          0          0          0         68   sys_exit.o
       102          0         12          0          0        240   sys_io.o
        74          0          0          0          0         80   sys_stackheap_outer.o
        14          0          0          0          0         76   sys_wrch.o
        72         12          0          0          0         68   ungetc.o
         2          0          0          0          0         68   use_no_semi.o
        52          4          0          0          0         80   vsnprintf.o
         6          0          0          0          0         68   wmemmove.o
      1172         46        620          8          0        996   char.o
      5236        258        683         12       7472       7668   ios.o
      1410         76          5         32          0       1456   locale.o
       470         34          0         12          0        716   messages.o
        36          0          0          0          0        144   rwalloc.o
       184         24          4          8          0        400   rwcats.o
       884         64        772         23         24        980   rwstdexcept.o
       152         94          0          0          0         72   rwthrowproc_impl_noex.o
         0          0          0          4          0          0   rwthrowproc_noex.o
         0          0          0          0         16          0   vendor.o
        28          0          0          0          0         84   ARM_vec_cleanup_noexceptions.o
        14          0          0          0          0         80   aeabi_vec_delete_noexceptions.o
        16          0          0          0          0         68   aeabi_vec_dtor_cookie.o
        34          0          0          0          0         84   aeabi_vec_dtor_noexceptions.o
        20          0          0          0          0         80   aeabi_vec_new_cookie.o
        80         12          0          0          0        104   arm_exceptions_globs.o
        60          0          0          0          0        108   arm_exceptions_mem.o
        26          0          0          0          0         76   arm_exceptions_terminate.o
         4          0          0          0          0         68   arm_newhandler_noexceptions.o
         2          0          0          0          0         68   arm_rethrow_noexceptions.o
         8          0          0          0          0         76   array_del.o
         8          0          0          0          0         76   array_new.o
       146          0          0          0          0         96   array_new_general.o
        16          0          0          0          0         68   cxa_guard_acquire.o
        24          6          0          0          0         84   cxa_vec_new.o
         8          0          0          0          0         76   delete.o
        12          6          0          0          0         68   exception_ctor.o
         0          0         20          0          0          0   exception_dtor.o
        40          6          0          0          0         76   new.o
        98          4          0          0          0         92   d2f.o
        16          4          0          0          0         68   dcheck1.o
        24          0          0          0          0         68   dcmpi.o
       120          4          0          0          0         92   deqf.o
       120          4          0          0          0         92   dleqf.o
       156          4          0          0          0         92   dnaninf.o
       108          0          0          0          0         80   drleqf.o
         0          0         16          0          0          0   fpconst.o
        10          0          0          0          0         68   fretinf.o
         6          0          0          0          0         68   istatus.o
         4          0          0          0          0         68   printf1.o
         4          0          0          0          0         68   printf2.o
       100          0          0          0          0         68   retnan.o
        92          0          0          0          0         68   scalbn.o
         4          0          0          0          0         68   scanf1.o
         8          0          0          0          0         84   scanf2.o
        48          0          0          0          0         68   trapv.o
         0          0          0          0          0          0   usenofp.o
        30          6          0          0          0        136   dunder.o
        40          0          0          0          0         68   fpclassify.o
        88          8          0          0          0         76   frexp.o
       138          0          0          0          0        160   ldexp.o
       204          4          0          0          0        168   narrow.o

    ----------------------------------------------------------------------
     28972       1288       2706        112       7904      27088   Library Totals
        72          2          7          1          2          0   (incl. Padding)

    ----------------------------------------------------------------------

      Code (inc. data)   RO Data    RW Data    ZI Data      Debug   Library Name

     17392        622        579         12        390      11396   c_w.l
      9544        596       2084         99       7512      12432   cpp_ws.l
       546         30         20          0          0       1440   cpprt_w.l
       918         20         16          0          0       1212   fz_ws.l
       500         18          0          0          0        608   m_ws.l

    ----------------------------------------------------------------------
     28972       1288       2706        112       7904      27088   Library Totals

    ----------------------------------------------------------------------

==============================================================================


      Code (inc. data)   RO Data    RW Data    ZI Data      Debug   

     29668       1412       2936        120       9440      85647   Grand Totals
     29668       1412       2936        120       9440      85647   ELF Image Totals
     29668       1412       2936        120          0          0   ROM Totals

==============================================================================

    Total RO  Size (Code + RO Data)                32604 (  31.84kB)
    Total RW  Size (RW Data + ZI Data)              9560 (   9.34kB)
    Total ROM Size (Code + RO Data + RW Data)      32724 (  31.96kB)

==============================================================================

